[robosuite WARNING] No private macro file found! (__init__.py:7)
14:12:49.118 | WARNING (1507472, stable_pretraining) | No private macro file found!
[robosuite WARNING] It is recommended to use a private macro file (__init__.py:8)
14:12:49.118 | WARNING (1507472, stable_pretraining) | It is recommended to use a private macro file
[robosuite WARNING] To setup, run: python /home/yikang/envs/lewm/lib/python3.10/site-packages/robosuite/scripts/setup_macros.py (__init__.py:9)
14:12:49.118 | WARNING (1507472, stable_pretraining) | To setup, run: python /home/yikang/envs/lewm/lib/python3.10/site-packages/robosuite/scripts/setup_macros.py
14:12:49.169 | INFO    (1507472, stable_pretraining) | No OpenGL_accelerate module loaded: No module named 'OpenGL_accelerate'
[Warning]: datasets path /home/yikang/LIBERO/libero/libero/../datasets does not exist!
[Warning]: datasets path /home/yikang/LIBERO/libero/libero/../datasets does not exist!
14:12:51.143 | INFO    (1507472, stable_worldmodel.world) | 🌍🌍🌍 World libero-bc-drawer-lewm-v0 initialized 🌍🌍🌍
14:12:51.143 | INFO    (1507472, stable_worldmodel.world) | 🕹️ 🕹️ 🕹️ Action space 🕹️ 🕹️ 🕹️
14:12:51.143 | INFO    (1507472, stable_worldmodel.world) | Box(-1.0, 1.0, (1, 7), float32)
14:12:51.143 | INFO    (1507472, stable_worldmodel.world) | 👁️ 👁️ 👁️ Observation space 👁️ 👁️ 👁️
14:12:51.143 | INFO    (1507472, stable_worldmodel.world) | Dict('agentview_image': Box(0, 255, (1, 3, 224, 224), uint8))
14:12:51.143 | WARNING (1507472, stable_worldmodel.world) | No variation space provided!
/home/yikang/envs/lewm/lib/python3.10/site-packages/gymnasium/utils/passive_env_checker.py:333: UserWarning: [33mWARN: No render fps was declared in the environment (env.metadata['render_fps'] is None or not defined), rendering may occur at inconsistent fps.[0m
  logger.warn(
CEM solve time: 0.8868 seconds
CEM solve time: 0.8060 seconds
CEM solve time: 0.7618 seconds
CEM solve time: 0.7928 seconds
CEM solve time: 0.7818 seconds
CEM solve time: 0.7500 seconds
CEM solve time: 0.7798 seconds
CEM solve time: 0.7899 seconds
CEM solve time: 0.8074 seconds
CEM solve time: 0.7617 seconds
CEM solve time: 0.7316 seconds
CEM solve time: 0.7904 seconds
CEM solve time: 0.8724 seconds
CEM solve time: 0.7452 seconds
CEM solve time: 0.7760 seconds
CEM solve time: 0.7455 seconds
CEM solve time: 0.7883 seconds
CEM solve time: 0.7338 seconds
CEM solve time: 0.7362 seconds
CEM solve time: 0.7846 seconds
CEM solve time: 0.7825 seconds
CEM solve time: 0.7915 seconds
CEM solve time: 0.7738 seconds
CEM solve time: 0.7471 seconds
CEM solve time: 0.8020 seconds
CEM solve time: 0.7591 seconds
CEM solve time: 0.7736 seconds
CEM solve time: 0.7302 seconds
CEM solve time: 0.7328 seconds
CEM solve time: 0.7596 seconds
CEM solve time: 0.7808 seconds
CEM solve time: 0.7343 seconds
CEM solve time: 0.7201 seconds
CEM solve time: 0.7517 seconds
CEM solve time: 0.7522 seconds
CEM solve time: 0.7983 seconds
CEM solve time: 0.7603 seconds
CEM solve time: 0.7149 seconds
CEM solve time: 0.7715 seconds
CEM solve time: 0.7968 seconds
CEM solve time: 0.7455 seconds
CEM solve time: 0.7286 seconds
CEM solve time: 0.7715 seconds
CEM solve time: 0.7012 seconds
CEM solve time: 0.7209 seconds
CEM solve time: 0.7651 seconds
CEM solve time: 0.7974 seconds
CEM solve time: 0.7995 seconds
CEM solve time: 0.8003 seconds
CEM solve time: 0.7169 seconds
CEM solve time: 0.7328 seconds
CEM solve time: 0.7640 seconds
CEM solve time: 0.7520 seconds
CEM solve time: 0.7163 seconds
CEM solve time: 0.7121 seconds
CEM solve time: 0.7198 seconds
CEM solve time: 0.7003 seconds
CEM solve time: 0.7424 seconds
CEM solve time: 0.8037 seconds
CEM solve time: 0.7243 seconds
CEM solve time: 0.7237 seconds
CEM solve time: 0.7295 seconds
CEM solve time: 0.7149 seconds
CEM solve time: 0.7098 seconds
CEM solve time: 0.7044 seconds
CEM solve time: 0.7246 seconds
CEM solve time: 0.7236 seconds
CEM solve time: 0.7226 seconds
CEM solve time: 0.7048 seconds
CEM solve time: 0.7096 seconds
CEM solve time: 0.7170 seconds
CEM solve time: 0.7046 seconds
CEM solve time: 0.7184 seconds
CEM solve time: 0.7261 seconds
CEM solve time: 0.6993 seconds
ep   1/20  fail     steps=150  rate=0.00
CEM solve time: 0.7102 seconds
CEM solve time: 0.7195 seconds
CEM solve time: 0.7358 seconds
CEM solve time: 0.7378 seconds
CEM solve time: 0.7171 seconds
CEM solve time: 0.7271 seconds
CEM solve time: 0.7256 seconds
CEM solve time: 0.7157 seconds
CEM solve time: 0.7084 seconds
CEM solve time: 0.7302 seconds
CEM solve time: 0.7249 seconds
CEM solve time: 0.7239 seconds
CEM solve time: 0.7145 seconds
CEM solve time: 0.7456 seconds
CEM solve time: 0.7445 seconds
CEM solve time: 0.7394 seconds
CEM solve time: 0.7352 seconds
CEM solve time: 0.7318 seconds
CEM solve time: 0.7480 seconds
CEM solve time: 0.7650 seconds
CEM solve time: 0.7636 seconds
CEM solve time: 0.7382 seconds
CEM solve time: 0.7194 seconds
CEM solve time: 0.7476 seconds
CEM solve time: 0.7014 seconds
CEM solve time: 0.7063 seconds
CEM solve time: 0.7298 seconds
CEM solve time: 0.7183 seconds
CEM solve time: 0.7676 seconds
CEM solve time: 0.7982 seconds
CEM solve time: 0.7717 seconds
CEM solve time: 0.7688 seconds
CEM solve time: 0.7962 seconds
CEM solve time: 0.7403 seconds
CEM solve time: 0.7596 seconds
CEM solve time: 0.7523 seconds
CEM solve time: 0.7474 seconds
CEM solve time: 0.7745 seconds
CEM solve time: 0.7903 seconds
CEM solve time: 0.7809 seconds
CEM solve time: 0.8342 seconds
CEM solve time: 0.7931 seconds
CEM solve time: 0.7501 seconds
CEM solve time: 0.7744 seconds
CEM solve time: 0.7391 seconds
CEM solve time: 0.7742 seconds
CEM solve time: 0.7331 seconds
CEM solve time: 0.7618 seconds
CEM solve time: 0.7951 seconds
CEM solve time: 0.7440 seconds
CEM solve time: 0.7628 seconds
CEM solve time: 0.7728 seconds
CEM solve time: 0.7809 seconds
CEM solve time: 0.7886 seconds
CEM solve time: 0.7889 seconds
CEM solve time: 0.7450 seconds
CEM solve time: 0.7560 seconds
CEM solve time: 0.7400 seconds
CEM solve time: 0.7392 seconds
CEM solve time: 0.7979 seconds
CEM solve time: 0.7968 seconds
CEM solve time: 0.7427 seconds
CEM solve time: 0.7271 seconds
CEM solve time: 0.7309 seconds
CEM solve time: 0.7673 seconds
CEM solve time: 0.7181 seconds
CEM solve time: 0.8167 seconds
CEM solve time: 0.7582 seconds
CEM solve time: 0.7990 seconds
CEM solve time: 0.8187 seconds
CEM solve time: 0.7548 seconds
CEM solve time: 0.7308 seconds
CEM solve time: 0.7358 seconds
CEM solve time: 0.7449 seconds
CEM solve time: 0.7263 seconds
ep   2/20  fail     steps=150  rate=0.00
CEM solve time: 0.7274 seconds
CEM solve time: 0.7203 seconds
CEM solve time: 0.7256 seconds
CEM solve time: 0.7186 seconds
CEM solve time: 0.7316 seconds
CEM solve time: 0.7221 seconds
CEM solve time: 0.7277 seconds
CEM solve time: 0.7096 seconds
CEM solve time: 0.7158 seconds
CEM solve time: 0.7215 seconds
CEM solve time: 0.7189 seconds
CEM solve time: 0.7064 seconds
CEM solve time: 0.7324 seconds
CEM solve time: 0.7256 seconds
CEM solve time: 0.7160 seconds
CEM solve time: 0.7137 seconds
CEM solve time: 0.7196 seconds
CEM solve time: 0.7341 seconds
CEM solve time: 0.7075 seconds
CEM solve time: 0.7319 seconds
CEM solve time: 0.7191 seconds
CEM solve time: 0.7240 seconds
CEM solve time: 0.7227 seconds
CEM solve time: 0.7324 seconds
CEM solve time: 0.7149 seconds
CEM solve time: 0.7214 seconds
CEM solve time: 0.7190 seconds
CEM solve time: 0.7188 seconds
CEM solve time: 0.7104 seconds
CEM solve time: 0.7232 seconds
CEM solve time: 0.7224 seconds
CEM solve time: 0.7088 seconds
CEM solve time: 0.7182 seconds
CEM solve time: 0.7158 seconds
CEM solve time: 0.7057 seconds
CEM solve time: 0.7158 seconds
CEM solve time: 0.7072 seconds
CEM solve time: 0.7024 seconds
CEM solve time: 0.7096 seconds
CEM solve time: 0.7197 seconds
CEM solve time: 0.7206 seconds
CEM solve time: 0.7155 seconds
CEM solve time: 0.7269 seconds
CEM solve time: 0.7320 seconds
CEM solve time: 0.7129 seconds
CEM solve time: 0.7244 seconds
CEM solve time: 0.7309 seconds
CEM solve time: 0.6978 seconds
CEM solve time: 0.7068 seconds
CEM solve time: 0.7254 seconds
CEM solve time: 0.7253 seconds
CEM solve time: 0.7345 seconds
CEM solve time: 0.7251 seconds
CEM solve time: 0.7005 seconds
CEM solve time: 0.7079 seconds
CEM solve time: 0.7199 seconds
CEM solve time: 0.7242 seconds
CEM solve time: 0.7068 seconds
CEM solve time: 0.7229 seconds
CEM solve time: 0.7097 seconds
CEM solve time: 0.7208 seconds
CEM solve time: 0.7047 seconds
CEM solve time: 0.7255 seconds
CEM solve time: 0.7249 seconds
CEM solve time: 0.7277 seconds
CEM solve time: 0.7265 seconds
CEM solve time: 0.7117 seconds
CEM solve time: 0.7310 seconds
CEM solve time: 0.7246 seconds
CEM solve time: 0.7208 seconds
CEM solve time: 0.7204 seconds
CEM solve time: 0.6978 seconds
CEM solve time: 0.7252 seconds
CEM solve time: 0.6907 seconds
CEM solve time: 0.6952 seconds
ep   3/20  fail     steps=150  rate=0.00
CEM solve time: 0.7238 seconds
CEM solve time: 0.7089 seconds
CEM solve time: 0.7335 seconds
CEM solve time: 0.7283 seconds
CEM solve time: 0.7228 seconds
CEM solve time: 0.7187 seconds
CEM solve time: 0.7314 seconds
CEM solve time: 0.7199 seconds
CEM solve time: 0.7178 seconds
CEM solve time: 0.7156 seconds
CEM solve time: 0.7208 seconds
CEM solve time: 0.7038 seconds
CEM solve time: 0.7235 seconds
CEM solve time: 0.7421 seconds
CEM solve time: 0.7474 seconds
CEM solve time: 0.7258 seconds
CEM solve time: 0.7320 seconds
CEM solve time: 0.7408 seconds
CEM solve time: 0.7392 seconds
CEM solve time: 0.7307 seconds
CEM solve time: 0.7221 seconds
CEM solve time: 0.7218 seconds
CEM solve time: 0.7287 seconds
CEM solve time: 0.7341 seconds
CEM solve time: 0.7263 seconds
CEM solve time: 0.7352 seconds
CEM solve time: 0.7344 seconds
CEM solve time: 0.7373 seconds
CEM solve time: 0.7284 seconds
CEM solve time: 0.7350 seconds
CEM solve time: 0.6960 seconds
CEM solve time: 0.7225 seconds
CEM solve time: 0.7256 seconds
CEM solve time: 0.7304 seconds
CEM solve time: 0.7145 seconds
CEM solve time: 0.7298 seconds
CEM solve time: 0.7246 seconds
CEM solve time: 0.7156 seconds
CEM solve time: 0.7197 seconds
CEM solve time: 0.7126 seconds
CEM solve time: 0.7351 seconds
CEM solve time: 0.7299 seconds
CEM solve time: 0.7177 seconds
CEM solve time: 0.7059 seconds
CEM solve time: 0.7180 seconds
CEM solve time: 0.7228 seconds
CEM solve time: 0.7018 seconds
CEM solve time: 0.7113 seconds
CEM solve time: 0.6972 seconds
CEM solve time: 0.7330 seconds
CEM solve time: 0.7323 seconds
CEM solve time: 0.7242 seconds
CEM solve time: 0.7336 seconds
CEM solve time: 0.7559 seconds
CEM solve time: 0.7204 seconds
CEM solve time: 0.7316 seconds
CEM solve time: 0.7133 seconds
CEM solve time: 0.7361 seconds
CEM solve time: 0.7000 seconds
CEM solve time: 0.7067 seconds
CEM solve time: 0.7165 seconds
CEM solve time: 0.7178 seconds
CEM solve time: 0.7127 seconds
CEM solve time: 0.7222 seconds
CEM solve time: 0.7267 seconds
CEM solve time: 0.7364 seconds
CEM solve time: 0.7172 seconds
CEM solve time: 0.7101 seconds
CEM solve time: 0.7184 seconds
CEM solve time: 0.7308 seconds
CEM solve time: 0.7349 seconds
CEM solve time: 0.7189 seconds
CEM solve time: 0.7380 seconds
CEM solve time: 0.7112 seconds
CEM solve time: 0.7137 seconds
ep   4/20  fail     steps=150  rate=0.00
CEM solve time: 0.7108 seconds
CEM solve time: 0.7188 seconds
CEM solve time: 0.7194 seconds
CEM solve time: 0.7179 seconds
CEM solve time: 0.7206 seconds
CEM solve time: 0.7129 seconds
CEM solve time: 0.7148 seconds
CEM solve time: 0.7257 seconds
CEM solve time: 0.7208 seconds
CEM solve time: 0.7158 seconds
CEM solve time: 0.7190 seconds
CEM solve time: 0.7176 seconds
CEM solve time: 0.7098 seconds
CEM solve time: 0.7222 seconds
CEM solve time: 0.7187 seconds
CEM solve time: 0.7373 seconds
CEM solve time: 0.7297 seconds
CEM solve time: 0.7059 seconds
CEM solve time: 0.7226 seconds
CEM solve time: 0.7311 seconds
CEM solve time: 0.7115 seconds
CEM solve time: 0.7037 seconds
CEM solve time: 0.6999 seconds
CEM solve time: 0.7215 seconds
CEM solve time: 0.7230 seconds
CEM solve time: 0.7329 seconds
CEM solve time: 0.7313 seconds
CEM solve time: 0.7275 seconds
CEM solve time: 0.7174 seconds
CEM solve time: 0.7202 seconds
CEM solve time: 0.7316 seconds
CEM solve time: 0.7069 seconds
CEM solve time: 0.7260 seconds
CEM solve time: 0.7088 seconds
CEM solve time: 0.7157 seconds
CEM solve time: 0.7257 seconds
CEM solve time: 0.7201 seconds
CEM solve time: 0.7109 seconds
CEM solve time: 0.7242 seconds
CEM solve time: 0.7040 seconds
CEM solve time: 0.7258 seconds
CEM solve time: 0.7050 seconds
CEM solve time: 0.7084 seconds
CEM solve time: 0.7156 seconds
CEM solve time: 0.7139 seconds
CEM solve time: 0.7255 seconds
CEM solve time: 0.7124 seconds
CEM solve time: 0.7264 seconds
CEM solve time: 0.7144 seconds
CEM solve time: 0.7412 seconds
CEM solve time: 0.7234 seconds
CEM solve time: 0.7287 seconds
CEM solve time: 0.7087 seconds
CEM solve time: 0.7109 seconds
CEM solve time: 0.7242 seconds
CEM solve time: 0.7160 seconds
CEM solve time: 0.7038 seconds
CEM solve time: 0.7287 seconds
CEM solve time: 0.7407 seconds
CEM solve time: 0.7053 seconds
CEM solve time: 0.7237 seconds
CEM solve time: 0.6984 seconds
CEM solve time: 0.7285 seconds
CEM solve time: 0.7292 seconds
CEM solve time: 0.7499 seconds
CEM solve time: 0.7751 seconds
CEM solve time: 0.7213 seconds
CEM solve time: 0.7034 seconds
CEM solve time: 0.7186 seconds
CEM solve time: 0.7294 seconds
CEM solve time: 0.7283 seconds
CEM solve time: 0.7165 seconds
ep   5/20  SUCCESS  steps=143  rate=0.20
CEM solve time: 0.7111 seconds
CEM solve time: 0.7256 seconds
CEM solve time: 0.7373 seconds
CEM solve time: 0.7122 seconds
CEM solve time: 0.7265 seconds
CEM solve time: 0.7276 seconds
CEM solve time: 0.7132 seconds
CEM solve time: 0.7130 seconds
CEM solve time: 0.7115 seconds
CEM solve time: 0.7186 seconds
CEM solve time: 0.7382 seconds
CEM solve time: 0.7253 seconds
CEM solve time: 0.7421 seconds
CEM solve time: 0.7103 seconds
CEM solve time: 0.7279 seconds
CEM solve time: 0.7380 seconds
CEM solve time: 0.7235 seconds
CEM solve time: 0.7082 seconds
CEM solve time: 0.7052 seconds
CEM solve time: 0.7293 seconds
CEM solve time: 0.7286 seconds
CEM solve time: 0.7218 seconds
CEM solve time: 0.7189 seconds
CEM solve time: 0.6995 seconds
CEM solve time: 0.7201 seconds
CEM solve time: 0.7223 seconds
CEM solve time: 0.7169 seconds
CEM solve time: 0.7204 seconds
CEM solve time: 0.7233 seconds
CEM solve time: 0.7203 seconds
CEM solve time: 0.7054 seconds
CEM solve time: 0.7204 seconds
CEM solve time: 0.7417 seconds
CEM solve time: 0.7232 seconds
CEM solve time: 0.7283 seconds
CEM solve time: 0.7183 seconds
CEM solve time: 0.7236 seconds
CEM solve time: 0.7394 seconds
CEM solve time: 0.7069 seconds
CEM solve time: 0.7105 seconds
CEM solve time: 0.7217 seconds
CEM solve time: 0.7258 seconds
CEM solve time: 0.7344 seconds
CEM solve time: 0.7189 seconds
CEM solve time: 0.7194 seconds
CEM solve time: 0.7156 seconds
CEM solve time: 0.7590 seconds
CEM solve time: 0.7268 seconds
CEM solve time: 0.7184 seconds
CEM solve time: 0.7155 seconds
CEM solve time: 0.7127 seconds
CEM solve time: 0.7292 seconds
CEM solve time: 0.7304 seconds
CEM solve time: 0.7138 seconds
CEM solve time: 0.7110 seconds
CEM solve time: 0.7207 seconds
CEM solve time: 0.7218 seconds
CEM solve time: 0.7269 seconds
CEM solve time: 0.7414 seconds
CEM solve time: 0.7787 seconds
CEM solve time: 0.7813 seconds
CEM solve time: 0.7241 seconds
CEM solve time: 0.7311 seconds
CEM solve time: 0.7262 seconds
CEM solve time: 0.7199 seconds
CEM solve time: 0.7261 seconds
CEM solve time: 0.7116 seconds
CEM solve time: 0.7070 seconds
CEM solve time: 0.7159 seconds
CEM solve time: 0.7150 seconds
CEM solve time: 0.7452 seconds
CEM solve time: 0.7509 seconds
CEM solve time: 0.7298 seconds
CEM solve time: 0.7476 seconds
CEM solve time: 0.7289 seconds
ep   6/20  fail     steps=150  rate=0.17
CEM solve time: 0.7046 seconds
CEM solve time: 0.7219 seconds
CEM solve time: 0.7192 seconds
CEM solve time: 0.7396 seconds
CEM solve time: 0.7324 seconds
CEM solve time: 0.7423 seconds
CEM solve time: 0.8085 seconds
CEM solve time: 0.7641 seconds
CEM solve time: 0.7669 seconds
CEM solve time: 0.7460 seconds
CEM solve time: 0.8001 seconds
CEM solve time: 0.7353 seconds
CEM solve time: 0.7909 seconds
CEM solve time: 0.7207 seconds
CEM solve time: 0.7929 seconds
CEM solve time: 0.7682 seconds
CEM solve time: 0.8001 seconds
CEM solve time: 0.7613 seconds
CEM solve time: 0.7537 seconds
CEM solve time: 0.7884 seconds
CEM solve time: 0.7395 seconds
CEM solve time: 0.7273 seconds
CEM solve time: 0.7692 seconds
CEM solve time: 0.7909 seconds
CEM solve time: 0.7151 seconds
CEM solve time: 0.7961 seconds
CEM solve time: 0.7208 seconds
CEM solve time: 0.7240 seconds
CEM solve time: 0.7232 seconds
CEM solve time: 0.7124 seconds
CEM solve time: 0.7259 seconds
CEM solve time: 0.7162 seconds
CEM solve time: 0.7363 seconds
CEM solve time: 0.7210 seconds
CEM solve time: 0.7299 seconds
CEM solve time: 0.7402 seconds
CEM solve time: 0.7254 seconds
CEM solve time: 0.7880 seconds
CEM solve time: 0.7337 seconds
CEM solve time: 0.7670 seconds
CEM solve time: 0.7244 seconds
CEM solve time: 0.7291 seconds
CEM solve time: 0.7609 seconds
CEM solve time: 0.7583 seconds
CEM solve time: 0.7523 seconds
CEM solve time: 0.7241 seconds
CEM solve time: 0.7224 seconds
CEM solve time: 0.7824 seconds
CEM solve time: 0.7683 seconds
CEM solve time: 0.7802 seconds
CEM solve time: 0.7546 seconds
CEM solve time: 0.7386 seconds
CEM solve time: 0.7927 seconds
CEM solve time: 0.7636 seconds
CEM solve time: 0.7682 seconds
CEM solve time: 0.7600 seconds
CEM solve time: 0.7523 seconds
CEM solve time: 0.7890 seconds
CEM solve time: 0.7605 seconds
CEM solve time: 0.8332 seconds
CEM solve time: 0.7413 seconds
CEM solve time: 0.7069 seconds
CEM solve time: 0.7017 seconds
CEM solve time: 0.7261 seconds
CEM solve time: 0.7158 seconds
CEM solve time: 0.7272 seconds
CEM solve time: 0.7243 seconds
CEM solve time: 0.7126 seconds
CEM solve time: 0.7287 seconds
CEM solve time: 0.7187 seconds
CEM solve time: 0.7035 seconds
CEM solve time: 0.7165 seconds
CEM solve time: 0.7113 seconds
CEM solve time: 0.7267 seconds
CEM solve time: 0.7092 seconds
ep   7/20  fail     steps=150  rate=0.14
CEM solve time: 0.7239 seconds
CEM solve time: 0.6930 seconds
CEM solve time: 0.7081 seconds
CEM solve time: 0.7098 seconds
CEM solve time: 0.7056 seconds
CEM solve time: 0.7034 seconds
CEM solve time: 0.7324 seconds
CEM solve time: 0.7616 seconds
CEM solve time: 0.7536 seconds
CEM solve time: 0.7419 seconds
CEM solve time: 0.7455 seconds
CEM solve time: 0.6937 seconds
CEM solve time: 0.7048 seconds
CEM solve time: 0.7039 seconds
CEM solve time: 0.6988 seconds
CEM solve time: 0.7053 seconds
CEM solve time: 0.7070 seconds
CEM solve time: 0.7067 seconds
CEM solve time: 0.7280 seconds
CEM solve time: 0.7081 seconds
CEM solve time: 0.7304 seconds
CEM solve time: 0.7175 seconds
CEM solve time: 0.7051 seconds
CEM solve time: 0.7229 seconds
CEM solve time: 0.7109 seconds
CEM solve time: 0.7075 seconds
CEM solve time: 0.7082 seconds
CEM solve time: 0.7122 seconds
CEM solve time: 0.7220 seconds
CEM solve time: 0.6995 seconds
CEM solve time: 0.7130 seconds
CEM solve time: 0.7641 seconds
CEM solve time: 0.8041 seconds
CEM solve time: 0.7422 seconds
CEM solve time: 0.7482 seconds
CEM solve time: 0.7253 seconds
CEM solve time: 0.7650 seconds
CEM solve time: 0.7722 seconds
CEM solve time: 0.7538 seconds
CEM solve time: 0.8160 seconds
CEM solve time: 0.7580 seconds
CEM solve time: 0.7141 seconds
CEM solve time: 0.7734 seconds
CEM solve time: 0.7365 seconds
CEM solve time: 0.7789 seconds
CEM solve time: 0.7391 seconds
CEM solve time: 0.7523 seconds
CEM solve time: 0.7702 seconds
CEM solve time: 0.7887 seconds
CEM solve time: 0.7847 seconds
CEM solve time: 0.7749 seconds
CEM solve time: 0.7778 seconds
CEM solve time: 0.7699 seconds
CEM solve time: 0.7549 seconds
CEM solve time: 0.7689 seconds
CEM solve time: 0.7688 seconds
CEM solve time: 0.7626 seconds
CEM solve time: 0.7372 seconds
CEM solve time: 0.7625 seconds
CEM solve time: 0.7834 seconds
CEM solve time: 0.7817 seconds
CEM solve time: 0.7457 seconds
CEM solve time: 0.7322 seconds
CEM solve time: 0.7197 seconds
CEM solve time: 0.7211 seconds
CEM solve time: 0.7123 seconds
CEM solve time: 0.7259 seconds
CEM solve time: 0.7353 seconds
CEM solve time: 0.7132 seconds
CEM solve time: 0.7526 seconds
CEM solve time: 0.7699 seconds
CEM solve time: 0.7383 seconds
CEM solve time: 0.7345 seconds
CEM solve time: 0.7602 seconds
CEM solve time: 0.7366 seconds
ep   8/20  fail     steps=150  rate=0.12
CEM solve time: 0.7602 seconds
CEM solve time: 0.7523 seconds
CEM solve time: 0.7631 seconds
CEM solve time: 0.7410 seconds
CEM solve time: 0.7328 seconds
CEM solve time: 0.8033 seconds
CEM solve time: 0.7982 seconds
CEM solve time: 0.7464 seconds
CEM solve time: 0.7393 seconds
CEM solve time: 0.7825 seconds
CEM solve time: 0.7549 seconds
CEM solve time: 0.7747 seconds
CEM solve time: 0.7741 seconds
CEM solve time: 0.7638 seconds
CEM solve time: 0.7250 seconds
CEM solve time: 0.7223 seconds
CEM solve time: 0.7296 seconds
CEM solve time: 0.6962 seconds
CEM solve time: 0.6822 seconds
CEM solve time: 0.7357 seconds
CEM solve time: 0.7093 seconds
CEM solve time: 0.7322 seconds
CEM solve time: 0.7104 seconds
CEM solve time: 0.6983 seconds
CEM solve time: 0.7181 seconds
CEM solve time: 0.7426 seconds
CEM solve time: 0.7084 seconds
CEM solve time: 0.7242 seconds
CEM solve time: 0.7388 seconds
CEM solve time: 0.7307 seconds
CEM solve time: 0.7548 seconds
CEM solve time: 0.7289 seconds
CEM solve time: 0.7204 seconds
CEM solve time: 0.7313 seconds
CEM solve time: 0.7293 seconds
CEM solve time: 0.7313 seconds
CEM solve time: 0.7314 seconds
CEM solve time: 0.7336 seconds
CEM solve time: 0.7558 seconds
CEM solve time: 0.7088 seconds
CEM solve time: 0.7108 seconds
CEM solve time: 0.7135 seconds
CEM solve time: 0.7157 seconds
CEM solve time: 0.7188 seconds
CEM solve time: 0.7173 seconds
CEM solve time: 0.7055 seconds
CEM solve time: 0.7289 seconds
CEM solve time: 0.7253 seconds
CEM solve time: 0.7109 seconds
CEM solve time: 0.7211 seconds
CEM solve time: 0.7069 seconds
CEM solve time: 0.7170 seconds
CEM solve time: 0.7162 seconds
CEM solve time: 0.8387 seconds
CEM solve time: 0.7622 seconds
CEM solve time: 0.7237 seconds
CEM solve time: 0.7234 seconds
CEM solve time: 0.7211 seconds
CEM solve time: 0.7063 seconds
CEM solve time: 0.7148 seconds
CEM solve time: 0.7127 seconds
CEM solve time: 0.7256 seconds
CEM solve time: 0.7092 seconds
CEM solve time: 0.7237 seconds
CEM solve time: 0.7286 seconds
CEM solve time: 0.7371 seconds
CEM solve time: 0.7348 seconds
CEM solve time: 0.7255 seconds
CEM solve time: 0.7340 seconds
CEM solve time: 0.7122 seconds
CEM solve time: 0.7343 seconds
CEM solve time: 0.7434 seconds
CEM solve time: 0.7138 seconds
CEM solve time: 0.7274 seconds
CEM solve time: 0.7205 seconds
ep   9/20  fail     steps=150  rate=0.11
CEM solve time: 0.7370 seconds
CEM solve time: 0.7423 seconds
CEM solve time: 0.7113 seconds
CEM solve time: 0.7039 seconds
CEM solve time: 0.7134 seconds
CEM solve time: 0.7131 seconds
CEM solve time: 0.7333 seconds
CEM solve time: 0.7239 seconds
CEM solve time: 0.7400 seconds
CEM solve time: 0.7431 seconds
CEM solve time: 0.7211 seconds
CEM solve time: 0.7288 seconds
CEM solve time: 0.7244 seconds
CEM solve time: 0.7017 seconds
CEM solve time: 0.7086 seconds
CEM solve time: 0.7048 seconds
CEM solve time: 0.7268 seconds
CEM solve time: 0.6952 seconds
CEM solve time: 0.7120 seconds
CEM solve time: 0.7220 seconds
CEM solve time: 0.7351 seconds
CEM solve time: 0.7450 seconds
CEM solve time: 0.7236 seconds
CEM solve time: 0.7081 seconds
CEM solve time: 0.7302 seconds
CEM solve time: 0.7082 seconds
CEM solve time: 0.7151 seconds
CEM solve time: 0.7206 seconds
CEM solve time: 0.7174 seconds
CEM solve time: 0.7273 seconds
CEM solve time: 0.7113 seconds
CEM solve time: 0.7272 seconds
CEM solve time: 0.7351 seconds
CEM solve time: 0.7393 seconds
CEM solve time: 0.7317 seconds
CEM solve time: 0.7307 seconds
CEM solve time: 0.7333 seconds
CEM solve time: 0.7080 seconds
CEM solve time: 0.7322 seconds
CEM solve time: 0.7207 seconds
CEM solve time: 0.7298 seconds
CEM solve time: 0.7160 seconds
CEM solve time: 0.7315 seconds
CEM solve time: 0.7297 seconds
CEM solve time: 0.7341 seconds
CEM solve time: 0.7396 seconds
CEM solve time: 0.7460 seconds
CEM solve time: 0.7374 seconds
CEM solve time: 0.7031 seconds
CEM solve time: 0.6857 seconds
CEM solve time: 0.7421 seconds
CEM solve time: 0.7320 seconds
CEM solve time: 0.7210 seconds
CEM solve time: 0.7240 seconds
CEM solve time: 0.7060 seconds
CEM solve time: 0.7484 seconds
CEM solve time: 0.7472 seconds
CEM solve time: 0.7136 seconds
CEM solve time: 0.7227 seconds
CEM solve time: 0.7288 seconds
CEM solve time: 0.7229 seconds
CEM solve time: 0.7228 seconds
CEM solve time: 0.7117 seconds
CEM solve time: 0.7174 seconds
CEM solve time: 0.7071 seconds
CEM solve time: 0.7219 seconds
CEM solve time: 0.7194 seconds
CEM solve time: 0.7081 seconds
CEM solve time: 0.7195 seconds
CEM solve time: 0.7395 seconds
CEM solve time: 0.7501 seconds
CEM solve time: 0.7136 seconds
CEM solve time: 0.7272 seconds
CEM solve time: 0.7150 seconds
CEM solve time: 0.7371 seconds
ep  10/20  fail     steps=150  rate=0.10
CEM solve time: 0.7063 seconds
CEM solve time: 0.7129 seconds
CEM solve time: 0.7331 seconds
CEM solve time: 0.7499 seconds
CEM solve time: 0.7441 seconds
CEM solve time: 0.7556 seconds
CEM solve time: 0.7456 seconds
CEM solve time: 0.7305 seconds
CEM solve time: 0.7413 seconds
CEM solve time: 0.7378 seconds
CEM solve time: 0.7135 seconds
CEM solve time: 0.7134 seconds
CEM solve time: 0.7446 seconds
CEM solve time: 0.7288 seconds
CEM solve time: 0.7165 seconds
CEM solve time: 0.7371 seconds
CEM solve time: 0.7485 seconds
CEM solve time: 0.7158 seconds
CEM solve time: 0.7395 seconds
CEM solve time: 0.7891 seconds
CEM solve time: 0.7252 seconds
CEM solve time: 0.7202 seconds
CEM solve time: 0.7348 seconds
CEM solve time: 0.7538 seconds
CEM solve time: 0.7114 seconds
CEM solve time: 0.7128 seconds
CEM solve time: 0.7422 seconds
CEM solve time: 0.7251 seconds
CEM solve time: 0.7292 seconds
CEM solve time: 0.7354 seconds
CEM solve time: 0.7203 seconds
CEM solve time: 0.7258 seconds
CEM solve time: 0.7199 seconds
CEM solve time: 0.7293 seconds
CEM solve time: 0.7336 seconds
CEM solve time: 0.7073 seconds
CEM solve time: 0.7082 seconds
CEM solve time: 0.7218 seconds
CEM solve time: 0.7233 seconds
CEM solve time: 0.7217 seconds
CEM solve time: 0.7293 seconds
CEM solve time: 0.7262 seconds
CEM solve time: 0.7380 seconds
CEM solve time: 0.7294 seconds
CEM solve time: 0.7173 seconds
CEM solve time: 0.7242 seconds
CEM solve time: 0.7374 seconds
CEM solve time: 0.7304 seconds
CEM solve time: 0.7338 seconds
CEM solve time: 0.7490 seconds
CEM solve time: 0.7689 seconds
CEM solve time: 0.8011 seconds
CEM solve time: 0.7250 seconds
CEM solve time: 0.7747 seconds
CEM solve time: 0.7806 seconds
CEM solve time: 0.7311 seconds
CEM solve time: 0.7403 seconds
CEM solve time: 0.7358 seconds
CEM solve time: 0.8505 seconds
CEM solve time: 0.7406 seconds
CEM solve time: 0.7400 seconds
CEM solve time: 0.8031 seconds
CEM solve time: 0.7834 seconds
CEM solve time: 0.7113 seconds
CEM solve time: 0.7239 seconds
CEM solve time: 0.7279 seconds
CEM solve time: 0.7133 seconds
CEM solve time: 0.7162 seconds
CEM solve time: 0.7384 seconds
CEM solve time: 0.7235 seconds
CEM solve time: 0.7377 seconds
CEM solve time: 0.7217 seconds
CEM solve time: 0.7172 seconds
CEM solve time: 0.7224 seconds
CEM solve time: 0.7378 seconds
ep  11/20  fail     steps=150  rate=0.09
CEM solve time: 0.7203 seconds
CEM solve time: 0.7269 seconds
CEM solve time: 0.7137 seconds
CEM solve time: 0.7311 seconds
CEM solve time: 0.7228 seconds
CEM solve time: 0.7154 seconds
CEM solve time: 0.7108 seconds
CEM solve time: 0.7097 seconds
CEM solve time: 0.7215 seconds
CEM solve time: 0.7268 seconds
CEM solve time: 0.7342 seconds
CEM solve time: 0.7199 seconds
CEM solve time: 0.7043 seconds
CEM solve time: 0.7355 seconds
CEM solve time: 0.7296 seconds
CEM solve time: 0.7154 seconds
CEM solve time: 0.7270 seconds
CEM solve time: 0.7117 seconds
CEM solve time: 0.7185 seconds
CEM solve time: 0.7214 seconds
CEM solve time: 0.7346 seconds
CEM solve time: 0.7188 seconds
CEM solve time: 0.7316 seconds
CEM solve time: 0.7096 seconds
CEM solve time: 0.7184 seconds
CEM solve time: 0.7168 seconds
CEM solve time: 0.7299 seconds
CEM solve time: 0.7130 seconds
CEM solve time: 0.7126 seconds
CEM solve time: 0.7176 seconds
CEM solve time: 0.7044 seconds
CEM solve time: 0.7105 seconds
CEM solve time: 0.7304 seconds
CEM solve time: 0.7161 seconds
CEM solve time: 0.7040 seconds
CEM solve time: 0.7387 seconds
CEM solve time: 0.7107 seconds
CEM solve time: 0.7341 seconds
CEM solve time: 0.7087 seconds
CEM solve time: 0.7117 seconds
CEM solve time: 0.7286 seconds
CEM solve time: 0.7456 seconds
CEM solve time: 0.7146 seconds
CEM solve time: 0.7418 seconds
CEM solve time: 0.7462 seconds
CEM solve time: 0.7013 seconds
CEM solve time: 0.7213 seconds
CEM solve time: 0.7157 seconds
CEM solve time: 0.7277 seconds
CEM solve time: 0.7380 seconds
CEM solve time: 0.7307 seconds
CEM solve time: 0.7085 seconds
CEM solve time: 0.7127 seconds
CEM solve time: 0.7049 seconds
CEM solve time: 0.7110 seconds
CEM solve time: 0.7236 seconds
CEM solve time: 0.7502 seconds
CEM solve time: 0.7210 seconds
CEM solve time: 0.7097 seconds
CEM solve time: 0.7505 seconds
CEM solve time: 0.7223 seconds
CEM solve time: 0.7125 seconds
CEM solve time: 0.7174 seconds
CEM solve time: 0.7220 seconds
CEM solve time: 0.7112 seconds
CEM solve time: 0.7091 seconds
CEM solve time: 0.7237 seconds
CEM solve time: 0.7212 seconds
CEM solve time: 0.7014 seconds
CEM solve time: 0.7317 seconds
CEM solve time: 0.7220 seconds
CEM solve time: 0.7237 seconds
CEM solve time: 0.7139 seconds
CEM solve time: 0.7092 seconds
CEM solve time: 0.7179 seconds
ep  12/20  fail     steps=150  rate=0.08
CEM solve time: 0.7115 seconds
CEM solve time: 0.7286 seconds
CEM solve time: 0.7094 seconds
CEM solve time: 0.7169 seconds
CEM solve time: 0.7290 seconds
CEM solve time: 0.7195 seconds
CEM solve time: 0.7179 seconds
CEM solve time: 0.7130 seconds
CEM solve time: 0.7419 seconds
CEM solve time: 0.7140 seconds
CEM solve time: 0.7337 seconds
CEM solve time: 0.7339 seconds
CEM solve time: 0.7217 seconds
CEM solve time: 0.7202 seconds
CEM solve time: 0.7266 seconds
CEM solve time: 0.7257 seconds
CEM solve time: 0.7353 seconds
CEM solve time: 0.7303 seconds
CEM solve time: 0.7241 seconds
CEM solve time: 0.7324 seconds
CEM solve time: 0.7354 seconds
CEM solve time: 0.7274 seconds
CEM solve time: 0.7268 seconds
CEM solve time: 0.7252 seconds
CEM solve time: 0.7290 seconds
CEM solve time: 0.7174 seconds
CEM solve time: 0.7215 seconds
CEM solve time: 0.7547 seconds
CEM solve time: 0.7209 seconds
CEM solve time: 0.7346 seconds
CEM solve time: 0.7369 seconds
CEM solve time: 0.7212 seconds
CEM solve time: 0.7086 seconds
CEM solve time: 0.7344 seconds
CEM solve time: 0.7185 seconds
CEM solve time: 0.7286 seconds
CEM solve time: 0.7164 seconds
CEM solve time: 0.7244 seconds
CEM solve time: 0.7322 seconds
CEM solve time: 0.7360 seconds
CEM solve time: 0.7258 seconds
CEM solve time: 0.7195 seconds
CEM solve time: 0.7167 seconds
CEM solve time: 0.7155 seconds
CEM solve time: 0.7260 seconds
CEM solve time: 0.7308 seconds
CEM solve time: 0.7394 seconds
CEM solve time: 0.7098 seconds
CEM solve time: 0.7297 seconds
CEM solve time: 0.7328 seconds
CEM solve time: 0.6985 seconds
CEM solve time: 0.7241 seconds
CEM solve time: 0.7203 seconds
CEM solve time: 0.7347 seconds
CEM solve time: 0.7292 seconds
CEM solve time: 0.7352 seconds
CEM solve time: 0.7326 seconds
CEM solve time: 0.7080 seconds
CEM solve time: 0.7056 seconds
CEM solve time: 0.7114 seconds
CEM solve time: 0.7237 seconds
CEM solve time: 0.7195 seconds
CEM solve time: 0.7153 seconds
CEM solve time: 0.7196 seconds
CEM solve time: 0.7220 seconds
CEM solve time: 0.7324 seconds
CEM solve time: 0.7162 seconds
CEM solve time: 0.7261 seconds
CEM solve time: 0.7162 seconds
CEM solve time: 0.7383 seconds
CEM solve time: 0.7164 seconds
CEM solve time: 0.7484 seconds
CEM solve time: 0.7274 seconds
CEM solve time: 0.7459 seconds
CEM solve time: 0.7324 seconds
ep  13/20  fail     steps=150  rate=0.08
CEM solve time: 0.7298 seconds
CEM solve time: 0.7119 seconds
CEM solve time: 0.7258 seconds
CEM solve time: 0.7139 seconds
CEM solve time: 0.7053 seconds
CEM solve time: 0.7144 seconds
CEM solve time: 0.7249 seconds
CEM solve time: 0.7353 seconds
CEM solve time: 0.6932 seconds
CEM solve time: 0.7064 seconds
CEM solve time: 0.7160 seconds
CEM solve time: 0.7196 seconds
CEM solve time: 0.7216 seconds
CEM solve time: 0.7075 seconds
CEM solve time: 0.7125 seconds
CEM solve time: 0.7196 seconds
CEM solve time: 0.7112 seconds
CEM solve time: 0.7254 seconds
CEM solve time: 0.7104 seconds
CEM solve time: 0.7153 seconds
CEM solve time: 0.7338 seconds
CEM solve time: 0.7215 seconds
CEM solve time: 0.7284 seconds
CEM solve time: 0.7154 seconds
CEM solve time: 0.7221 seconds
CEM solve time: 0.7128 seconds
CEM solve time: 0.7219 seconds
CEM solve time: 0.7154 seconds
CEM solve time: 0.7208 seconds
CEM solve time: 0.7165 seconds
CEM solve time: 0.7228 seconds
CEM solve time: 0.7249 seconds
CEM solve time: 0.7278 seconds
CEM solve time: 0.7238 seconds
CEM solve time: 0.7056 seconds
CEM solve time: 0.7168 seconds
CEM solve time: 0.7090 seconds
CEM solve time: 0.7224 seconds
CEM solve time: 0.7181 seconds
CEM solve time: 0.7339 seconds
CEM solve time: 0.7323 seconds
CEM solve time: 0.7190 seconds
CEM solve time: 0.7295 seconds
CEM solve time: 0.7215 seconds
CEM solve time: 0.7175 seconds
CEM solve time: 0.7320 seconds
CEM solve time: 0.7286 seconds
CEM solve time: 0.6924 seconds
CEM solve time: 0.7062 seconds
CEM solve time: 0.7206 seconds
CEM solve time: 0.7175 seconds
CEM solve time: 0.7313 seconds
CEM solve time: 0.7418 seconds
CEM solve time: 0.7160 seconds
CEM solve time: 0.7223 seconds
CEM solve time: 0.7228 seconds
CEM solve time: 0.7118 seconds
CEM solve time: 0.7201 seconds
CEM solve time: 0.7182 seconds
CEM solve time: 0.7166 seconds
CEM solve time: 0.7291 seconds
CEM solve time: 0.7078 seconds
CEM solve time: 0.7098 seconds
CEM solve time: 0.7199 seconds
CEM solve time: 0.7364 seconds
CEM solve time: 0.7000 seconds
CEM solve time: 0.7308 seconds
CEM solve time: 0.7294 seconds
CEM solve time: 0.7046 seconds
CEM solve time: 0.7191 seconds
CEM solve time: 0.7217 seconds
CEM solve time: 0.7228 seconds
CEM solve time: 0.7138 seconds
CEM solve time: 0.7222 seconds
CEM solve time: 0.7160 seconds
ep  14/20  fail     steps=150  rate=0.07
CEM solve time: 0.7115 seconds
CEM solve time: 0.7179 seconds
CEM solve time: 0.7241 seconds
CEM solve time: 0.7339 seconds
CEM solve time: 0.7205 seconds
CEM solve time: 0.7199 seconds
CEM solve time: 0.7251 seconds
CEM solve time: 0.7215 seconds
CEM solve time: 0.7176 seconds
CEM solve time: 0.7247 seconds
CEM solve time: 0.7369 seconds
CEM solve time: 0.7333 seconds
CEM solve time: 0.7415 seconds
CEM solve time: 0.7435 seconds
CEM solve time: 0.7195 seconds
CEM solve time: 0.7209 seconds
CEM solve time: 0.7117 seconds
CEM solve time: 0.7187 seconds
CEM solve time: 0.7159 seconds
CEM solve time: 0.7202 seconds
CEM solve time: 0.7209 seconds
CEM solve time: 0.7166 seconds
CEM solve time: 0.7157 seconds
CEM solve time: 0.7235 seconds
CEM solve time: 0.7342 seconds
CEM solve time: 0.7317 seconds
CEM solve time: 0.7148 seconds
CEM solve time: 0.7080 seconds
CEM solve time: 0.7109 seconds
CEM solve time: 0.7002 seconds
CEM solve time: 0.7190 seconds
CEM solve time: 0.7375 seconds
CEM solve time: 0.7078 seconds
CEM solve time: 0.7352 seconds
CEM solve time: 0.7210 seconds
CEM solve time: 0.7232 seconds
CEM solve time: 0.7313 seconds
CEM solve time: 0.7062 seconds
CEM solve time: 0.7169 seconds
CEM solve time: 0.7207 seconds
CEM solve time: 0.7273 seconds
CEM solve time: 0.7310 seconds
CEM solve time: 0.7341 seconds
CEM solve time: 0.7106 seconds
CEM solve time: 0.7224 seconds
CEM solve time: 0.7240 seconds
CEM solve time: 0.7169 seconds
CEM solve time: 0.7098 seconds
CEM solve time: 0.7153 seconds
CEM solve time: 0.7276 seconds
CEM solve time: 0.7100 seconds
CEM solve time: 0.7177 seconds
CEM solve time: 0.7160 seconds
CEM solve time: 0.7235 seconds
CEM solve time: 0.7047 seconds
CEM solve time: 0.7256 seconds
CEM solve time: 0.7175 seconds
CEM solve time: 0.7210 seconds
CEM solve time: 0.7321 seconds
CEM solve time: 0.7204 seconds
CEM solve time: 0.7118 seconds
CEM solve time: 0.7182 seconds
CEM solve time: 0.7309 seconds
CEM solve time: 0.7087 seconds
CEM solve time: 0.7300 seconds
CEM solve time: 0.7153 seconds
CEM solve time: 0.7120 seconds
CEM solve time: 0.7248 seconds
CEM solve time: 0.7229 seconds
CEM solve time: 0.7400 seconds
CEM solve time: 0.7362 seconds
CEM solve time: 0.6948 seconds
CEM solve time: 0.7219 seconds
CEM solve time: 0.7246 seconds
CEM solve time: 0.7293 seconds
ep  15/20  fail     steps=150  rate=0.07
CEM solve time: 0.7081 seconds
CEM solve time: 0.7188 seconds
CEM solve time: 0.7111 seconds
CEM solve time: 0.7170 seconds
CEM solve time: 0.7146 seconds
CEM solve time: 0.7165 seconds
CEM solve time: 0.7246 seconds
CEM solve time: 0.7208 seconds
CEM solve time: 0.7173 seconds
CEM solve time: 0.7142 seconds
CEM solve time: 0.7149 seconds
CEM solve time: 0.7196 seconds
CEM solve time: 0.7264 seconds
CEM solve time: 0.7117 seconds
CEM solve time: 0.7181 seconds
CEM solve time: 0.7256 seconds
CEM solve time: 0.7144 seconds
CEM solve time: 0.7099 seconds
CEM solve time: 0.6962 seconds
CEM solve time: 0.7066 seconds
CEM solve time: 0.7285 seconds
CEM solve time: 0.7110 seconds
CEM solve time: 0.7247 seconds
CEM solve time: 0.7377 seconds
CEM solve time: 0.7156 seconds
CEM solve time: 0.7282 seconds
CEM solve time: 0.7183 seconds
CEM solve time: 0.6970 seconds
CEM solve time: 0.7081 seconds
CEM solve time: 0.7061 seconds
CEM solve time: 0.7118 seconds
CEM solve time: 0.7211 seconds
CEM solve time: 0.6873 seconds
CEM solve time: 0.7152 seconds
CEM solve time: 0.7354 seconds
CEM solve time: 0.7280 seconds
CEM solve time: 0.7283 seconds
CEM solve time: 0.7315 seconds
CEM solve time: 0.7150 seconds
CEM solve time: 0.7252 seconds
CEM solve time: 0.7338 seconds
CEM solve time: 0.7454 seconds
CEM solve time: 0.7442 seconds
CEM solve time: 0.7477 seconds
CEM solve time: 0.6999 seconds
CEM solve time: 0.7352 seconds
CEM solve time: 0.7099 seconds
CEM solve time: 0.7320 seconds
CEM solve time: 0.7259 seconds
CEM solve time: 0.7252 seconds
CEM solve time: 0.7192 seconds
CEM solve time: 0.7193 seconds
CEM solve time: 0.7310 seconds
CEM solve time: 0.7318 seconds
CEM solve time: 0.7386 seconds
CEM solve time: 0.7414 seconds
CEM solve time: 0.7407 seconds
CEM solve time: 0.7265 seconds
CEM solve time: 0.7430 seconds
CEM solve time: 0.6945 seconds
CEM solve time: 0.7202 seconds
CEM solve time: 0.6938 seconds
CEM solve time: 0.6882 seconds
CEM solve time: 0.7253 seconds
CEM solve time: 0.7078 seconds
CEM solve time: 0.7127 seconds
CEM solve time: 0.7144 seconds
CEM solve time: 0.7220 seconds
CEM solve time: 0.7137 seconds
CEM solve time: 0.7423 seconds
CEM solve time: 0.7266 seconds
CEM solve time: 0.7170 seconds
CEM solve time: 0.7291 seconds
CEM solve time: 0.7081 seconds
CEM solve time: 0.7117 seconds
ep  16/20  fail     steps=150  rate=0.06
CEM solve time: 0.6974 seconds
CEM solve time: 0.7224 seconds
CEM solve time: 0.6984 seconds
CEM solve time: 0.6927 seconds
CEM solve time: 0.7168 seconds
CEM solve time: 0.7131 seconds
CEM solve time: 0.7159 seconds
CEM solve time: 0.7082 seconds
CEM solve time: 0.7393 seconds
CEM solve time: 0.7139 seconds
CEM solve time: 0.7211 seconds
CEM solve time: 0.7246 seconds
CEM solve time: 0.7100 seconds
CEM solve time: 0.7150 seconds
CEM solve time: 0.7048 seconds
CEM solve time: 0.7099 seconds
CEM solve time: 0.7204 seconds
CEM solve time: 0.7156 seconds
CEM solve time: 0.7119 seconds
CEM solve time: 0.7061 seconds
CEM solve time: 0.7174 seconds
CEM solve time: 0.7065 seconds
CEM solve time: 0.7155 seconds
CEM solve time: 0.7293 seconds
CEM solve time: 0.7175 seconds
CEM solve time: 0.7881 seconds
CEM solve time: 0.7381 seconds
CEM solve time: 0.7219 seconds
CEM solve time: 0.7295 seconds
CEM solve time: 0.7293 seconds
CEM solve time: 0.7026 seconds
CEM solve time: 0.7215 seconds
CEM solve time: 0.7017 seconds
CEM solve time: 0.7825 seconds
CEM solve time: 0.7484 seconds
CEM solve time: 0.7225 seconds
CEM solve time: 0.7376 seconds
CEM solve time: 0.7192 seconds
CEM solve time: 0.7190 seconds
CEM solve time: 0.7060 seconds
CEM solve time: 0.7233 seconds
CEM solve time: 0.7240 seconds
CEM solve time: 0.7208 seconds
CEM solve time: 0.7120 seconds
CEM solve time: 0.7182 seconds
CEM solve time: 0.7050 seconds
CEM solve time: 0.7094 seconds
CEM solve time: 0.7079 seconds
CEM solve time: 0.7266 seconds
CEM solve time: 0.7224 seconds
CEM solve time: 0.7275 seconds
CEM solve time: 0.7009 seconds
CEM solve time: 0.7059 seconds
CEM solve time: 0.7103 seconds
CEM solve time: 0.7091 seconds
CEM solve time: 0.7256 seconds
CEM solve time: 0.7174 seconds
CEM solve time: 0.7287 seconds
CEM solve time: 0.8101 seconds
CEM solve time: 0.7190 seconds
CEM solve time: 0.7080 seconds
CEM solve time: 0.7229 seconds
CEM solve time: 0.6986 seconds
CEM solve time: 0.7576 seconds
CEM solve time: 0.7416 seconds
CEM solve time: 0.7179 seconds
CEM solve time: 0.7221 seconds
CEM solve time: 0.7069 seconds
CEM solve time: 0.7114 seconds
CEM solve time: 0.7228 seconds
CEM solve time: 0.7047 seconds
CEM solve time: 0.7211 seconds
CEM solve time: 0.7131 seconds
CEM solve time: 0.7386 seconds
CEM solve time: 0.7399 seconds
ep  17/20  fail     steps=150  rate=0.06
CEM solve time: 0.7128 seconds
CEM solve time: 0.7220 seconds
CEM solve time: 0.7229 seconds
CEM solve time: 0.7399 seconds
CEM solve time: 0.7270 seconds
CEM solve time: 0.7214 seconds
CEM solve time: 0.6970 seconds
CEM solve time: 0.7141 seconds
CEM solve time: 0.7411 seconds
CEM solve time: 0.7137 seconds
CEM solve time: 0.7357 seconds
CEM solve time: 0.7120 seconds
CEM solve time: 0.6877 seconds
CEM solve time: 0.7020 seconds
CEM solve time: 0.7095 seconds
CEM solve time: 0.7096 seconds
CEM solve time: 0.7225 seconds
CEM solve time: 0.6926 seconds
CEM solve time: 0.6997 seconds
CEM solve time: 0.7191 seconds
CEM solve time: 0.7048 seconds
CEM solve time: 0.7429 seconds
CEM solve time: 0.7123 seconds
CEM solve time: 0.7142 seconds
CEM solve time: 0.7206 seconds
CEM solve time: 0.7207 seconds
CEM solve time: 0.7138 seconds
CEM solve time: 0.7305 seconds
CEM solve time: 0.7212 seconds
CEM solve time: 0.7229 seconds
CEM solve time: 0.7051 seconds
CEM solve time: 0.7092 seconds
CEM solve time: 0.7064 seconds
CEM solve time: 0.7160 seconds
CEM solve time: 0.7239 seconds
CEM solve time: 0.7216 seconds
CEM solve time: 0.7066 seconds
CEM solve time: 0.7216 seconds
CEM solve time: 0.7170 seconds
CEM solve time: 0.7282 seconds
CEM solve time: 0.7153 seconds
CEM solve time: 0.7242 seconds
CEM solve time: 0.7158 seconds
CEM solve time: 0.7234 seconds
CEM solve time: 0.7339 seconds
CEM solve time: 0.7354 seconds
CEM solve time: 0.6984 seconds
CEM solve time: 0.7027 seconds
CEM solve time: 0.7302 seconds
CEM solve time: 0.7031 seconds
CEM solve time: 0.7161 seconds
CEM solve time: 0.7172 seconds
CEM solve time: 0.7261 seconds
CEM solve time: 0.7210 seconds
CEM solve time: 0.7167 seconds
CEM solve time: 0.7141 seconds
CEM solve time: 0.7248 seconds
CEM solve time: 0.7206 seconds
CEM solve time: 0.7221 seconds
CEM solve time: 0.6978 seconds
CEM solve time: 0.7193 seconds
CEM solve time: 0.7169 seconds
CEM solve time: 0.7246 seconds
CEM solve time: 0.7333 seconds
CEM solve time: 0.7234 seconds
CEM solve time: 0.7074 seconds
CEM solve time: 0.7172 seconds
CEM solve time: 0.7278 seconds
CEM solve time: 0.7229 seconds
CEM solve time: 0.7220 seconds
CEM solve time: 0.7252 seconds
CEM solve time: 0.7172 seconds
CEM solve time: 0.7297 seconds
CEM solve time: 0.7232 seconds
CEM solve time: 0.7271 seconds
ep  18/20  fail     steps=150  rate=0.06
CEM solve time: 0.7278 seconds
CEM solve time: 0.7118 seconds
CEM solve time: 0.7129 seconds
CEM solve time: 0.7172 seconds
CEM solve time: 0.7102 seconds
CEM solve time: 0.7216 seconds
CEM solve time: 0.7319 seconds
CEM solve time: 0.7248 seconds
CEM solve time: 0.7264 seconds
CEM solve time: 0.7297 seconds
CEM solve time: 0.7292 seconds
CEM solve time: 0.7192 seconds
CEM solve time: 0.7093 seconds
CEM solve time: 0.7074 seconds
CEM solve time: 0.7133 seconds
CEM solve time: 0.7197 seconds
CEM solve time: 0.7293 seconds
CEM solve time: 0.7223 seconds
CEM solve time: 0.7013 seconds
CEM solve time: 0.7135 seconds
CEM solve time: 0.7231 seconds
CEM solve time: 0.7183 seconds
CEM solve time: 0.7010 seconds
CEM solve time: 0.6966 seconds
CEM solve time: 0.7125 seconds
ep  19/20  SUCCESS  steps= 50  rate=0.11
CEM solve time: 0.7219 seconds
CEM solve time: 0.7142 seconds
CEM solve time: 0.7187 seconds
CEM solve time: 0.7118 seconds
CEM solve time: 0.7097 seconds
CEM solve time: 0.7152 seconds
CEM solve time: 0.7196 seconds
CEM solve time: 0.7178 seconds
CEM solve time: 0.7179 seconds
CEM solve time: 0.7298 seconds
CEM solve time: 0.7137 seconds
CEM solve time: 0.6942 seconds
CEM solve time: 0.7135 seconds
CEM solve time: 0.7215 seconds
CEM solve time: 0.7205 seconds
CEM solve time: 0.6906 seconds
CEM solve time: 0.7085 seconds
CEM solve time: 0.7153 seconds
CEM solve time: 0.7140 seconds
CEM solve time: 0.7291 seconds
CEM solve time: 0.7175 seconds
CEM solve time: 0.7140 seconds
CEM solve time: 0.7232 seconds
CEM solve time: 0.7348 seconds
CEM solve time: 0.7194 seconds
CEM solve time: 0.7184 seconds
CEM solve time: 0.6997 seconds
CEM solve time: 0.7235 seconds
CEM solve time: 0.7164 seconds
CEM solve time: 0.7277 seconds
CEM solve time: 0.7287 seconds
CEM solve time: 0.7172 seconds
CEM solve time: 0.7225 seconds
CEM solve time: 0.7206 seconds
CEM solve time: 0.7221 seconds
CEM solve time: 0.7068 seconds
CEM solve time: 0.6945 seconds
CEM solve time: 0.7148 seconds
CEM solve time: 0.7227 seconds
CEM solve time: 0.7115 seconds
CEM solve time: 0.7160 seconds
CEM solve time: 0.7133 seconds
CEM solve time: 0.7141 seconds
CEM solve time: 0.7267 seconds
CEM solve time: 0.6956 seconds
CEM solve time: 0.7160 seconds
CEM solve time: 0.7179 seconds
CEM solve time: 0.7222 seconds
CEM solve time: 0.7153 seconds
CEM solve time: 0.7173 seconds
CEM solve time: 0.7128 seconds
CEM solve time: 0.7176 seconds
CEM solve time: 0.7133 seconds
CEM solve time: 0.7262 seconds
CEM solve time: 0.7110 seconds
CEM solve time: 0.7151 seconds
CEM solve time: 0.7131 seconds
CEM solve time: 0.7135 seconds
CEM solve time: 0.7156 seconds
CEM solve time: 0.7185 seconds
CEM solve time: 0.7212 seconds
CEM solve time: 0.7215 seconds
CEM solve time: 0.7129 seconds
CEM solve time: 0.6982 seconds
CEM solve time: 0.7153 seconds
CEM solve time: 0.7174 seconds
CEM solve time: 0.7122 seconds
CEM solve time: 0.7180 seconds
CEM solve time: 0.7005 seconds
CEM solve time: 0.7156 seconds
CEM solve time: 0.7153 seconds
CEM solve time: 0.7254 seconds
CEM solve time: 0.7210 seconds
CEM solve time: 0.7052 seconds
CEM solve time: 0.7194 seconds
ep  20/20  fail     steps=150  rate=0.10

==================================================
Success rate: 2/20 = 10.0%
==================================================
