[robosuite WARNING] No private macro file found! (__init__.py:7)
15:22:39.308 | WARNING (2265631, stable_pretraining) | No private macro file found!
[robosuite WARNING] It is recommended to use a private macro file (__init__.py:8)
15:22:39.308 | WARNING (2265631, stable_pretraining) | It is recommended to use a private macro file
[robosuite WARNING] To setup, run: python /home/yikang/envs/lewm/lib/python3.10/site-packages/robosuite/scripts/setup_macros.py (__init__.py:9)
15:22:39.308 | WARNING (2265631, stable_pretraining) | To setup, run: python /home/yikang/envs/lewm/lib/python3.10/site-packages/robosuite/scripts/setup_macros.py
15:22:39.338 | INFO    (2265631, stable_pretraining) | No OpenGL_accelerate module loaded: No module named 'OpenGL_accelerate'
[Warning]: datasets path /home/yikang/LIBERO/libero/libero/../datasets does not exist!
[Warning]: datasets path /home/yikang/LIBERO/libero/libero/../datasets does not exist!
15:22:41.160 | INFO    (2265631, stable_worldmodel.world) | 🌍🌍🌍 World libero-bc-drawer-lewm-v0 initialized 🌍🌍🌍
15:22:41.160 | INFO    (2265631, stable_worldmodel.world) | 🕹️ 🕹️ 🕹️ Action space 🕹️ 🕹️ 🕹️
15:22:41.160 | INFO    (2265631, stable_worldmodel.world) | Box(-1.0, 1.0, (1, 7), float32)
15:22:41.160 | INFO    (2265631, stable_worldmodel.world) | 👁️ 👁️ 👁️ Observation space 👁️ 👁️ 👁️
15:22:41.160 | INFO    (2265631, stable_worldmodel.world) | Dict('agentview_image': Box(0, 255, (1, 3, 224, 224), uint8))
15:22:41.160 | WARNING (2265631, stable_worldmodel.world) | No variation space provided!
/home/yikang/envs/lewm/lib/python3.10/site-packages/gymnasium/utils/passive_env_checker.py:333: UserWarning: [33mWARN: No render fps was declared in the environment (env.metadata['render_fps'] is None or not defined), rendering may occur at inconsistent fps.[0m
  logger.warn(
CEM solve time: 4.6225 seconds
CEM solve time: 4.4507 seconds
CEM solve time: 4.3901 seconds
CEM solve time: 4.2930 seconds
CEM solve time: 4.2927 seconds
CEM solve time: 4.2536 seconds
CEM solve time: 4.4342 seconds
CEM solve time: 4.3388 seconds
CEM solve time: 4.2916 seconds
CEM solve time: 4.3379 seconds
CEM solve time: 4.2608 seconds
CEM solve time: 4.4153 seconds
CEM solve time: 4.2809 seconds
CEM solve time: 4.2459 seconds
CEM solve time: 4.0978 seconds
CEM solve time: 4.0784 seconds
CEM solve time: 4.0286 seconds
CEM solve time: 4.0497 seconds
CEM solve time: 4.1898 seconds
CEM solve time: 4.0998 seconds
CEM solve time: 4.0403 seconds
CEM solve time: 4.0984 seconds
CEM solve time: 4.1291 seconds
CEM solve time: 4.1279 seconds
CEM solve time: 4.1245 seconds
CEM solve time: 4.0978 seconds
ep   1/20  SUCCESS  steps= 52  rate=1.00
CEM solve time: 4.0308 seconds
CEM solve time: 3.9924 seconds
CEM solve time: 4.0144 seconds
CEM solve time: 3.9989 seconds
CEM solve time: 4.0943 seconds
CEM solve time: 4.0929 seconds
CEM solve time: 4.0347 seconds
CEM solve time: 4.0327 seconds
CEM solve time: 4.0822 seconds
CEM solve time: 4.0908 seconds
CEM solve time: 4.0647 seconds
CEM solve time: 4.0462 seconds
CEM solve time: 4.0941 seconds
CEM solve time: 4.0612 seconds
CEM solve time: 4.1604 seconds
CEM solve time: 4.1359 seconds
CEM solve time: 4.1331 seconds
CEM solve time: 4.0801 seconds
CEM solve time: 4.0657 seconds
CEM solve time: 4.1221 seconds
CEM solve time: 4.0903 seconds
CEM solve time: 4.1109 seconds
CEM solve time: 4.1490 seconds
CEM solve time: 4.0739 seconds
CEM solve time: 4.0436 seconds
CEM solve time: 4.0706 seconds
CEM solve time: 4.0874 seconds
CEM solve time: 4.0790 seconds
CEM solve time: 4.1171 seconds
CEM solve time: 4.0982 seconds
CEM solve time: 4.1477 seconds
CEM solve time: 4.0846 seconds
CEM solve time: 4.1022 seconds
CEM solve time: 4.1208 seconds
CEM solve time: 4.1123 seconds
CEM solve time: 4.1223 seconds
CEM solve time: 4.1288 seconds
CEM solve time: 4.1156 seconds
CEM solve time: 4.1101 seconds
CEM solve time: 4.0868 seconds
CEM solve time: 4.1476 seconds
CEM solve time: 4.0355 seconds
CEM solve time: 4.1786 seconds
CEM solve time: 4.1015 seconds
CEM solve time: 4.0794 seconds
CEM solve time: 4.0651 seconds
CEM solve time: 4.0241 seconds
CEM solve time: 4.0650 seconds
CEM solve time: 4.1170 seconds
CEM solve time: 4.0969 seconds
CEM solve time: 4.0944 seconds
CEM solve time: 4.1118 seconds
CEM solve time: 4.1766 seconds
CEM solve time: 4.0763 seconds
CEM solve time: 4.1010 seconds
CEM solve time: 4.1654 seconds
CEM solve time: 4.0447 seconds
CEM solve time: 4.1066 seconds
CEM solve time: 4.0531 seconds
CEM solve time: 4.1023 seconds
CEM solve time: 4.1062 seconds
CEM solve time: 4.0995 seconds
CEM solve time: 4.0907 seconds
CEM solve time: 4.1618 seconds
CEM solve time: 4.0744 seconds
CEM solve time: 4.0731 seconds
CEM solve time: 4.1175 seconds
CEM solve time: 4.0779 seconds
CEM solve time: 4.0874 seconds
CEM solve time: 4.1224 seconds
CEM solve time: 4.1427 seconds
CEM solve time: 4.1090 seconds
CEM solve time: 4.0837 seconds
CEM solve time: 4.0610 seconds
CEM solve time: 4.1273 seconds
ep   2/20  fail     steps=150  rate=0.50
CEM solve time: 4.0694 seconds
CEM solve time: 4.0642 seconds
CEM solve time: 4.0619 seconds
CEM solve time: 4.0831 seconds
CEM solve time: 4.1143 seconds
CEM solve time: 4.0714 seconds
CEM solve time: 4.0869 seconds
CEM solve time: 4.0365 seconds
CEM solve time: 4.0589 seconds
CEM solve time: 4.0675 seconds
CEM solve time: 4.1139 seconds
CEM solve time: 4.0824 seconds
CEM solve time: 4.0440 seconds
CEM solve time: 4.0408 seconds
CEM solve time: 4.1552 seconds
CEM solve time: 4.0476 seconds
CEM solve time: 4.0776 seconds
ep   3/20  SUCCESS  steps= 33  rate=0.67
CEM solve time: 4.0379 seconds
CEM solve time: 4.0395 seconds
CEM solve time: 4.0644 seconds
CEM solve time: 4.0576 seconds
CEM solve time: 4.0726 seconds
CEM solve time: 4.0184 seconds
CEM solve time: 4.0316 seconds
CEM solve time: 4.1455 seconds
CEM solve time: 4.0504 seconds
CEM solve time: 4.0955 seconds
CEM solve time: 4.0170 seconds
CEM solve time: 4.0401 seconds
CEM solve time: 4.0082 seconds
CEM solve time: 4.0108 seconds
CEM solve time: 4.0970 seconds
CEM solve time: 4.0548 seconds
CEM solve time: 4.0574 seconds
CEM solve time: 4.0729 seconds
CEM solve time: 4.0543 seconds
CEM solve time: 4.0614 seconds
CEM solve time: 4.0335 seconds
CEM solve time: 4.0383 seconds
CEM solve time: 4.0315 seconds
CEM solve time: 4.0807 seconds
CEM solve time: 4.0819 seconds
CEM solve time: 4.0716 seconds
CEM solve time: 4.0124 seconds
CEM solve time: 4.0459 seconds
CEM solve time: 4.0457 seconds
CEM solve time: 4.0746 seconds
CEM solve time: 4.0937 seconds
CEM solve time: 4.1548 seconds
CEM solve time: 4.0221 seconds
CEM solve time: 4.0607 seconds
CEM solve time: 4.0434 seconds
CEM solve time: 4.0815 seconds
CEM solve time: 4.0983 seconds
CEM solve time: 4.0979 seconds
CEM solve time: 4.0571 seconds
CEM solve time: 4.0465 seconds
CEM solve time: 4.0720 seconds
CEM solve time: 4.0501 seconds
CEM solve time: 4.0280 seconds
CEM solve time: 4.1027 seconds
CEM solve time: 4.0022 seconds
CEM solve time: 3.9684 seconds
CEM solve time: 4.0783 seconds
CEM solve time: 4.0781 seconds
CEM solve time: 4.1630 seconds
CEM solve time: 4.0157 seconds
CEM solve time: 4.0350 seconds
CEM solve time: 4.0419 seconds
CEM solve time: 4.0421 seconds
CEM solve time: 4.0757 seconds
CEM solve time: 4.0328 seconds
CEM solve time: 4.0379 seconds
CEM solve time: 4.0791 seconds
CEM solve time: 4.0193 seconds
CEM solve time: 4.0831 seconds
CEM solve time: 4.0576 seconds
CEM solve time: 4.0466 seconds
CEM solve time: 4.0709 seconds
CEM solve time: 3.9978 seconds
CEM solve time: 4.0402 seconds
CEM solve time: 4.0331 seconds
CEM solve time: 4.0473 seconds
CEM solve time: 4.0900 seconds
CEM solve time: 4.1174 seconds
CEM solve time: 4.0869 seconds
CEM solve time: 4.0282 seconds
CEM solve time: 4.0258 seconds
CEM solve time: 4.0707 seconds
CEM solve time: 4.0476 seconds
CEM solve time: 4.0872 seconds
CEM solve time: 4.0983 seconds
ep   4/20  fail     steps=150  rate=0.50
CEM solve time: 4.0116 seconds
CEM solve time: 4.0253 seconds
CEM solve time: 4.0122 seconds
CEM solve time: 4.0575 seconds
CEM solve time: 4.0148 seconds
CEM solve time: 4.0625 seconds
CEM solve time: 4.0416 seconds
CEM solve time: 4.0244 seconds
CEM solve time: 4.0714 seconds
CEM solve time: 3.9960 seconds
CEM solve time: 4.0456 seconds
CEM solve time: 4.0355 seconds
CEM solve time: 4.0690 seconds
CEM solve time: 4.0226 seconds
CEM solve time: 4.0634 seconds
CEM solve time: 4.0410 seconds
CEM solve time: 4.0531 seconds
CEM solve time: 4.0473 seconds
CEM solve time: 4.0858 seconds
CEM solve time: 4.0317 seconds
CEM solve time: 4.0289 seconds
CEM solve time: 4.0122 seconds
CEM solve time: 4.0486 seconds
CEM solve time: 4.0606 seconds
CEM solve time: 4.0456 seconds
CEM solve time: 4.1187 seconds
CEM solve time: 3.9909 seconds
CEM solve time: 4.0097 seconds
CEM solve time: 4.0487 seconds
CEM solve time: 4.0677 seconds
CEM solve time: 4.1176 seconds
CEM solve time: 4.0212 seconds
CEM solve time: 4.0283 seconds
CEM solve time: 4.0445 seconds
CEM solve time: 4.0644 seconds
CEM solve time: 4.0338 seconds
CEM solve time: 4.0126 seconds
CEM solve time: 4.0446 seconds
CEM solve time: 4.0596 seconds
CEM solve time: 4.0747 seconds
CEM solve time: 4.0353 seconds
CEM solve time: 4.0198 seconds
CEM solve time: 4.0400 seconds
CEM solve time: 4.0238 seconds
CEM solve time: 4.0577 seconds
CEM solve time: 4.0328 seconds
CEM solve time: 4.0254 seconds
CEM solve time: 4.0186 seconds
CEM solve time: 4.0357 seconds
CEM solve time: 4.0452 seconds
CEM solve time: 4.0250 seconds
CEM solve time: 4.0463 seconds
CEM solve time: 4.0605 seconds
CEM solve time: 4.0014 seconds
CEM solve time: 4.0610 seconds
CEM solve time: 4.0405 seconds
CEM solve time: 4.0675 seconds
CEM solve time: 4.0415 seconds
CEM solve time: 4.0339 seconds
CEM solve time: 4.0169 seconds
CEM solve time: 4.0570 seconds
CEM solve time: 4.0315 seconds
CEM solve time: 4.0230 seconds
CEM solve time: 4.0371 seconds
CEM solve time: 4.0569 seconds
CEM solve time: 4.0329 seconds
CEM solve time: 4.0159 seconds
CEM solve time: 4.0333 seconds
CEM solve time: 4.0524 seconds
CEM solve time: 4.0500 seconds
CEM solve time: 4.0386 seconds
CEM solve time: 4.0789 seconds
CEM solve time: 4.0353 seconds
CEM solve time: 3.9966 seconds
CEM solve time: 4.0831 seconds
ep   5/20  fail     steps=150  rate=0.40
CEM solve time: 4.0260 seconds
CEM solve time: 4.0637 seconds
CEM solve time: 4.0252 seconds
CEM solve time: 4.0830 seconds
CEM solve time: 4.0121 seconds
CEM solve time: 4.0530 seconds
CEM solve time: 4.0319 seconds
CEM solve time: 3.9924 seconds
CEM solve time: 4.0177 seconds
CEM solve time: 3.9957 seconds
CEM solve time: 4.0513 seconds
CEM solve time: 4.0592 seconds
CEM solve time: 4.0438 seconds
CEM solve time: 4.0203 seconds
CEM solve time: 4.0682 seconds
CEM solve time: 3.9978 seconds
CEM solve time: 3.9826 seconds
CEM solve time: 4.0273 seconds
CEM solve time: 4.0564 seconds
CEM solve time: 4.0380 seconds
CEM solve time: 4.0689 seconds
CEM solve time: 4.0459 seconds
CEM solve time: 4.0842 seconds
CEM solve time: 4.0485 seconds
CEM solve time: 4.0447 seconds
CEM solve time: 4.0413 seconds
CEM solve time: 4.0782 seconds
CEM solve time: 4.0071 seconds
CEM solve time: 4.0586 seconds
CEM solve time: 4.0114 seconds
CEM solve time: 4.0171 seconds
CEM solve time: 4.0409 seconds
CEM solve time: 4.0350 seconds
CEM solve time: 4.0340 seconds
CEM solve time: 4.0036 seconds
CEM solve time: 4.0479 seconds
CEM solve time: 4.0348 seconds
CEM solve time: 4.0154 seconds
CEM solve time: 4.0623 seconds
CEM solve time: 4.0007 seconds
CEM solve time: 3.9904 seconds
CEM solve time: 4.0256 seconds
CEM solve time: 4.0732 seconds
CEM solve time: 4.0170 seconds
CEM solve time: 4.0078 seconds
CEM solve time: 4.0352 seconds
CEM solve time: 4.0207 seconds
CEM solve time: 4.0281 seconds
CEM solve time: 4.0386 seconds
CEM solve time: 4.0196 seconds
CEM solve time: 4.0347 seconds
CEM solve time: 3.9961 seconds
CEM solve time: 4.0460 seconds
CEM solve time: 4.0459 seconds
CEM solve time: 3.9966 seconds
CEM solve time: 4.0055 seconds
CEM solve time: 4.0256 seconds
CEM solve time: 4.0234 seconds
CEM solve time: 4.0417 seconds
CEM solve time: 4.0461 seconds
CEM solve time: 4.0468 seconds
CEM solve time: 4.0347 seconds
CEM solve time: 3.9791 seconds
CEM solve time: 4.0137 seconds
CEM solve time: 4.0471 seconds
CEM solve time: 4.0590 seconds
CEM solve time: 4.0558 seconds
CEM solve time: 4.0636 seconds
CEM solve time: 3.9929 seconds
CEM solve time: 4.0270 seconds
CEM solve time: 4.0538 seconds
CEM solve time: 4.0575 seconds
CEM solve time: 4.0261 seconds
CEM solve time: 4.0912 seconds
CEM solve time: 4.0504 seconds
ep   6/20  fail     steps=150  rate=0.33
CEM solve time: 4.0674 seconds
CEM solve time: 4.0522 seconds
CEM solve time: 4.0101 seconds
CEM solve time: 4.0325 seconds
CEM solve time: 4.0289 seconds
CEM solve time: 4.0006 seconds
CEM solve time: 4.0048 seconds
CEM solve time: 3.9949 seconds
CEM solve time: 4.0801 seconds
CEM solve time: 4.0165 seconds
CEM solve time: 3.9910 seconds
CEM solve time: 4.0446 seconds
CEM solve time: 4.1013 seconds
CEM solve time: 4.1291 seconds
CEM solve time: 4.0551 seconds
CEM solve time: 4.0997 seconds
CEM solve time: 4.0159 seconds
CEM solve time: 4.1105 seconds
CEM solve time: 4.0271 seconds
CEM solve time: 4.0208 seconds
CEM solve time: 4.0711 seconds
CEM solve time: 4.0923 seconds
CEM solve time: 4.0158 seconds
CEM solve time: 3.9960 seconds
CEM solve time: 4.0635 seconds
CEM solve time: 4.0623 seconds
CEM solve time: 4.0744 seconds
CEM solve time: 4.0305 seconds
CEM solve time: 4.0927 seconds
CEM solve time: 4.0585 seconds
CEM solve time: 4.0502 seconds
CEM solve time: 4.0702 seconds
CEM solve time: 4.0477 seconds
CEM solve time: 4.0867 seconds
CEM solve time: 4.0579 seconds
CEM solve time: 4.0460 seconds
CEM solve time: 4.0384 seconds
CEM solve time: 4.0773 seconds
CEM solve time: 4.1109 seconds
CEM solve time: 4.0163 seconds
CEM solve time: 4.0461 seconds
CEM solve time: 4.0732 seconds
CEM solve time: 4.1323 seconds
CEM solve time: 4.0031 seconds
CEM solve time: 3.9657 seconds
CEM solve time: 4.0610 seconds
CEM solve time: 4.0828 seconds
CEM solve time: 4.0290 seconds
CEM solve time: 4.0492 seconds
CEM solve time: 4.0457 seconds
CEM solve time: 4.0276 seconds
CEM solve time: 4.1052 seconds
CEM solve time: 4.0197 seconds
CEM solve time: 4.0556 seconds
CEM solve time: 4.0938 seconds
CEM solve time: 4.0361 seconds
CEM solve time: 4.0533 seconds
CEM solve time: 4.0193 seconds
CEM solve time: 4.0345 seconds
CEM solve time: 4.0362 seconds
CEM solve time: 4.0657 seconds
CEM solve time: 4.0070 seconds
CEM solve time: 3.9985 seconds
CEM solve time: 4.0847 seconds
CEM solve time: 4.0798 seconds
CEM solve time: 4.0679 seconds
CEM solve time: 4.1236 seconds
CEM solve time: 4.0324 seconds
CEM solve time: 4.0449 seconds
CEM solve time: 4.0578 seconds
CEM solve time: 4.0458 seconds
CEM solve time: 4.0777 seconds
CEM solve time: 4.0770 seconds
CEM solve time: 4.1004 seconds
CEM solve time: 4.0856 seconds
ep   7/20  fail     steps=150  rate=0.29
CEM solve time: 4.0150 seconds
CEM solve time: 4.0187 seconds
CEM solve time: 3.9943 seconds
CEM solve time: 4.0110 seconds
CEM solve time: 4.0142 seconds
CEM solve time: 4.0821 seconds
CEM solve time: 4.0962 seconds
CEM solve time: 4.0148 seconds
CEM solve time: 3.9940 seconds
CEM solve time: 4.0292 seconds
CEM solve time: 4.0487 seconds
CEM solve time: 4.0491 seconds
CEM solve time: 4.0133 seconds
CEM solve time: 4.0018 seconds
CEM solve time: 4.0032 seconds
CEM solve time: 4.0428 seconds
CEM solve time: 3.9935 seconds
CEM solve time: 4.0225 seconds
CEM solve time: 4.0349 seconds
CEM solve time: 4.0307 seconds
CEM solve time: 3.9947 seconds
CEM solve time: 4.0350 seconds
CEM solve time: 4.0635 seconds
CEM solve time: 4.0172 seconds
CEM solve time: 4.0248 seconds
CEM solve time: 4.0317 seconds
CEM solve time: 4.0799 seconds
CEM solve time: 3.9761 seconds
CEM solve time: 3.9915 seconds
CEM solve time: 4.0460 seconds
CEM solve time: 4.0510 seconds
CEM solve time: 4.0333 seconds
CEM solve time: 4.0480 seconds
CEM solve time: 4.0087 seconds
CEM solve time: 4.0492 seconds
CEM solve time: 4.0447 seconds
CEM solve time: 4.0139 seconds
CEM solve time: 4.0452 seconds
CEM solve time: 4.0115 seconds
CEM solve time: 3.9903 seconds
CEM solve time: 3.9819 seconds
CEM solve time: 4.0103 seconds
CEM solve time: 4.0522 seconds
CEM solve time: 4.0170 seconds
CEM solve time: 4.0619 seconds
CEM solve time: 4.0046 seconds
CEM solve time: 4.0238 seconds
CEM solve time: 4.1072 seconds
CEM solve time: 4.0243 seconds
CEM solve time: 4.0544 seconds
CEM solve time: 4.0310 seconds
CEM solve time: 4.0351 seconds
CEM solve time: 4.0292 seconds
CEM solve time: 3.9892 seconds
CEM solve time: 4.0476 seconds
CEM solve time: 4.0663 seconds
CEM solve time: 4.0258 seconds
CEM solve time: 4.0270 seconds
CEM solve time: 4.0499 seconds
CEM solve time: 4.0418 seconds
CEM solve time: 4.0743 seconds
CEM solve time: 3.9973 seconds
CEM solve time: 4.0406 seconds
CEM solve time: 4.0460 seconds
CEM solve time: 4.0350 seconds
CEM solve time: 4.0367 seconds
CEM solve time: 4.0094 seconds
CEM solve time: 4.0188 seconds
CEM solve time: 4.0613 seconds
CEM solve time: 4.0840 seconds
CEM solve time: 4.0428 seconds
CEM solve time: 4.0209 seconds
CEM solve time: 4.0444 seconds
CEM solve time: 4.0450 seconds
CEM solve time: 4.0013 seconds
ep   8/20  fail     steps=150  rate=0.25
CEM solve time: 4.0186 seconds
CEM solve time: 4.0399 seconds
CEM solve time: 4.0325 seconds
CEM solve time: 4.0568 seconds
CEM solve time: 4.0300 seconds
CEM solve time: 4.0035 seconds
CEM solve time: 4.0982 seconds
CEM solve time: 4.0146 seconds
CEM solve time: 4.0189 seconds
CEM solve time: 4.0785 seconds
CEM solve time: 4.0229 seconds
CEM solve time: 4.0135 seconds
CEM solve time: 4.0486 seconds
CEM solve time: 4.0089 seconds
CEM solve time: 4.0253 seconds
CEM solve time: 4.0849 seconds
CEM solve time: 4.0271 seconds
CEM solve time: 4.0460 seconds
CEM solve time: 4.0365 seconds
CEM solve time: 4.0390 seconds
CEM solve time: 4.0511 seconds
CEM solve time: 4.0465 seconds
CEM solve time: 4.0850 seconds
CEM solve time: 4.0702 seconds
CEM solve time: 4.0775 seconds
CEM solve time: 4.0760 seconds
CEM solve time: 4.0656 seconds
CEM solve time: 4.0339 seconds
CEM solve time: 4.0123 seconds
CEM solve time: 4.0188 seconds
CEM solve time: 4.0549 seconds
CEM solve time: 4.0390 seconds
CEM solve time: 4.0399 seconds
CEM solve time: 4.0491 seconds
CEM solve time: 4.0680 seconds
CEM solve time: 4.0462 seconds
CEM solve time: 4.0473 seconds
CEM solve time: 4.0563 seconds
CEM solve time: 4.0312 seconds
CEM solve time: 4.0196 seconds
CEM solve time: 4.0037 seconds
CEM solve time: 4.0267 seconds
CEM solve time: 4.0506 seconds
CEM solve time: 4.0218 seconds
CEM solve time: 4.0791 seconds
CEM solve time: 4.0168 seconds
CEM solve time: 4.0764 seconds
CEM solve time: 4.0543 seconds
CEM solve time: 4.0258 seconds
CEM solve time: 4.0272 seconds
CEM solve time: 4.0126 seconds
CEM solve time: 4.0558 seconds
CEM solve time: 4.1123 seconds
CEM solve time: 4.0222 seconds
CEM solve time: 4.0261 seconds
CEM solve time: 4.0741 seconds
CEM solve time: 4.0681 seconds
CEM solve time: 4.0163 seconds
CEM solve time: 4.0648 seconds
CEM solve time: 4.0520 seconds
CEM solve time: 3.9862 seconds
CEM solve time: 4.0487 seconds
CEM solve time: 4.0214 seconds
CEM solve time: 4.0581 seconds
CEM solve time: 4.0566 seconds
CEM solve time: 4.0430 seconds
CEM solve time: 4.0629 seconds
CEM solve time: 4.0542 seconds
CEM solve time: 4.0009 seconds
CEM solve time: 3.9950 seconds
CEM solve time: 4.0305 seconds
CEM solve time: 4.0263 seconds
CEM solve time: 4.0574 seconds
CEM solve time: 4.0483 seconds
CEM solve time: 4.0426 seconds
ep   9/20  fail     steps=150  rate=0.22
CEM solve time: 4.0651 seconds
CEM solve time: 4.0694 seconds
CEM solve time: 4.0655 seconds
CEM solve time: 4.0207 seconds
CEM solve time: 4.0123 seconds
CEM solve time: 4.1040 seconds
CEM solve time: 4.0134 seconds
CEM solve time: 4.0346 seconds
CEM solve time: 4.0690 seconds
CEM solve time: 4.0319 seconds
CEM solve time: 4.0732 seconds
CEM solve time: 4.0958 seconds
CEM solve time: 4.1225 seconds
CEM solve time: 4.0872 seconds
CEM solve time: 4.0865 seconds
CEM solve time: 4.0370 seconds
CEM solve time: 4.0361 seconds
CEM solve time: 4.0357 seconds
CEM solve time: 4.0120 seconds
CEM solve time: 4.0210 seconds
CEM solve time: 4.0720 seconds
CEM solve time: 4.0389 seconds
CEM solve time: 4.0567 seconds
CEM solve time: 4.0958 seconds
CEM solve time: 4.0462 seconds
CEM solve time: 4.0350 seconds
CEM solve time: 4.0354 seconds
CEM solve time: 4.0762 seconds
CEM solve time: 4.0881 seconds
CEM solve time: 4.0044 seconds
CEM solve time: 4.0509 seconds
CEM solve time: 4.0679 seconds
CEM solve time: 4.0349 seconds
CEM solve time: 4.0707 seconds
CEM solve time: 4.0966 seconds
CEM solve time: 4.0235 seconds
CEM solve time: 4.0494 seconds
CEM solve time: 4.0624 seconds
CEM solve time: 3.9831 seconds
CEM solve time: 4.0608 seconds
CEM solve time: 4.0458 seconds
CEM solve time: 4.0631 seconds
CEM solve time: 4.0537 seconds
CEM solve time: 4.0701 seconds
CEM solve time: 4.0676 seconds
CEM solve time: 4.0708 seconds
CEM solve time: 4.0451 seconds
CEM solve time: 4.0118 seconds
CEM solve time: 3.9853 seconds
CEM solve time: 4.0436 seconds
CEM solve time: 4.0877 seconds
CEM solve time: 4.0382 seconds
CEM solve time: 4.0422 seconds
CEM solve time: 4.0875 seconds
CEM solve time: 4.0248 seconds
CEM solve time: 4.0593 seconds
CEM solve time: 4.0824 seconds
CEM solve time: 4.0219 seconds
CEM solve time: 4.0951 seconds
CEM solve time: 4.0890 seconds
CEM solve time: 4.0380 seconds
CEM solve time: 4.0503 seconds
CEM solve time: 4.0451 seconds
CEM solve time: 4.0216 seconds
CEM solve time: 4.0627 seconds
CEM solve time: 4.0587 seconds
CEM solve time: 4.0442 seconds
CEM solve time: 4.0626 seconds
CEM solve time: 4.0585 seconds
CEM solve time: 4.0524 seconds
CEM solve time: 4.0186 seconds
CEM solve time: 4.0573 seconds
CEM solve time: 4.0654 seconds
CEM solve time: 4.0293 seconds
CEM solve time: 4.0512 seconds
ep  10/20  fail     steps=150  rate=0.20
CEM solve time: 4.0909 seconds
CEM solve time: 4.0428 seconds
CEM solve time: 4.0225 seconds
CEM solve time: 4.0961 seconds
CEM solve time: 4.0186 seconds
CEM solve time: 4.1043 seconds
CEM solve time: 4.0606 seconds
CEM solve time: 4.0385 seconds
CEM solve time: 4.0118 seconds
CEM solve time: 4.0751 seconds
CEM solve time: 4.0436 seconds
CEM solve time: 4.0948 seconds
CEM solve time: 4.0372 seconds
CEM solve time: 4.0776 seconds
CEM solve time: 4.0006 seconds
CEM solve time: 4.0296 seconds
CEM solve time: 4.0155 seconds
CEM solve time: 3.9995 seconds
CEM solve time: 4.0401 seconds
CEM solve time: 3.9939 seconds
CEM solve time: 4.0689 seconds
CEM solve time: 4.0263 seconds
CEM solve time: 4.0764 seconds
CEM solve time: 4.0414 seconds
CEM solve time: 3.9780 seconds
CEM solve time: 4.0623 seconds
CEM solve time: 4.0228 seconds
CEM solve time: 4.1139 seconds
CEM solve time: 4.0580 seconds
CEM solve time: 4.0255 seconds
CEM solve time: 4.0335 seconds
CEM solve time: 4.0644 seconds
CEM solve time: 4.0443 seconds
CEM solve time: 4.0269 seconds
CEM solve time: 4.0995 seconds
CEM solve time: 4.0317 seconds
CEM solve time: 4.0217 seconds
CEM solve time: 4.0562 seconds
CEM solve time: 4.0730 seconds
CEM solve time: 4.0286 seconds
CEM solve time: 4.0820 seconds
CEM solve time: 4.0297 seconds
CEM solve time: 4.0816 seconds
CEM solve time: 4.0791 seconds
CEM solve time: 4.0495 seconds
CEM solve time: 4.0609 seconds
CEM solve time: 4.0489 seconds
CEM solve time: 4.0641 seconds
CEM solve time: 4.0314 seconds
CEM solve time: 4.0407 seconds
CEM solve time: 4.0257 seconds
CEM solve time: 4.0187 seconds
CEM solve time: 4.0919 seconds
CEM solve time: 4.1310 seconds
CEM solve time: 4.0441 seconds
CEM solve time: 4.0345 seconds
CEM solve time: 4.0687 seconds
CEM solve time: 3.9854 seconds
CEM solve time: 4.0559 seconds
CEM solve time: 4.0276 seconds
CEM solve time: 4.0533 seconds
CEM solve time: 4.0431 seconds
CEM solve time: 4.0624 seconds
CEM solve time: 4.0824 seconds
CEM solve time: 4.0454 seconds
CEM solve time: 4.1335 seconds
CEM solve time: 4.0104 seconds
CEM solve time: 3.9910 seconds
CEM solve time: 4.0700 seconds
CEM solve time: 4.0163 seconds
CEM solve time: 4.0325 seconds
CEM solve time: 4.0760 seconds
CEM solve time: 4.0291 seconds
CEM solve time: 4.0312 seconds
CEM solve time: 4.0466 seconds
ep  11/20  fail     steps=150  rate=0.18
CEM solve time: 4.0397 seconds
CEM solve time: 4.0421 seconds
CEM solve time: 4.0319 seconds
CEM solve time: 4.0356 seconds
CEM solve time: 4.0676 seconds
CEM solve time: 4.0220 seconds
CEM solve time: 4.0136 seconds
CEM solve time: 4.0675 seconds
CEM solve time: 4.0327 seconds
CEM solve time: 4.0472 seconds
CEM solve time: 4.1323 seconds
CEM solve time: 4.0081 seconds
CEM solve time: 4.0687 seconds
CEM solve time: 4.0443 seconds
CEM solve time: 4.0364 seconds
CEM solve time: 4.0292 seconds
CEM solve time: 4.0268 seconds
CEM solve time: 4.0499 seconds
CEM solve time: 4.0783 seconds
CEM solve time: 4.0675 seconds
CEM solve time: 4.0737 seconds
CEM solve time: 4.0197 seconds
CEM solve time: 4.0272 seconds
CEM solve time: 4.0726 seconds
CEM solve time: 4.0878 seconds
CEM solve time: 4.0204 seconds
CEM solve time: 4.0340 seconds
CEM solve time: 4.0551 seconds
CEM solve time: 4.0365 seconds
CEM solve time: 4.0415 seconds
CEM solve time: 4.0393 seconds
CEM solve time: 4.0895 seconds
CEM solve time: 4.1124 seconds
CEM solve time: 4.0663 seconds
CEM solve time: 4.0743 seconds
CEM solve time: 3.9792 seconds
CEM solve time: 4.0202 seconds
CEM solve time: 4.0329 seconds
CEM solve time: 4.0376 seconds
CEM solve time: 4.0086 seconds
CEM solve time: 4.0387 seconds
CEM solve time: 4.0770 seconds
CEM solve time: 4.0466 seconds
CEM solve time: 4.0341 seconds
CEM solve time: 4.0599 seconds
CEM solve time: 4.1725 seconds
CEM solve time: 4.0939 seconds
CEM solve time: 4.0611 seconds
CEM solve time: 4.0362 seconds
CEM solve time: 4.0484 seconds
CEM solve time: 4.0452 seconds
CEM solve time: 4.0204 seconds
CEM solve time: 4.0643 seconds
CEM solve time: 4.0100 seconds
CEM solve time: 4.0173 seconds
CEM solve time: 4.0305 seconds
CEM solve time: 4.0475 seconds
CEM solve time: 4.0761 seconds
CEM solve time: 4.0201 seconds
CEM solve time: 4.0575 seconds
CEM solve time: 4.0559 seconds
CEM solve time: 4.0669 seconds
CEM solve time: 4.0810 seconds
CEM solve time: 4.0390 seconds
CEM solve time: 4.0523 seconds
CEM solve time: 4.0442 seconds
CEM solve time: 4.0512 seconds
CEM solve time: 4.0708 seconds
CEM solve time: 4.0016 seconds
CEM solve time: 4.0593 seconds
CEM solve time: 4.0468 seconds
CEM solve time: 4.0431 seconds
CEM solve time: 4.0492 seconds
CEM solve time: 4.0449 seconds
CEM solve time: 4.1669 seconds
ep  12/20  fail     steps=150  rate=0.17
CEM solve time: 4.0603 seconds
CEM solve time: 4.0563 seconds
CEM solve time: 4.0629 seconds
CEM solve time: 4.0136 seconds
CEM solve time: 4.0342 seconds
CEM solve time: 3.9912 seconds
CEM solve time: 4.0605 seconds
CEM solve time: 4.0397 seconds
CEM solve time: 4.0188 seconds
CEM solve time: 4.0339 seconds
CEM solve time: 4.0264 seconds
CEM solve time: 4.0131 seconds
CEM solve time: 3.9760 seconds
CEM solve time: 3.9880 seconds
CEM solve time: 4.0036 seconds
CEM solve time: 3.9916 seconds
CEM solve time: 4.0489 seconds
CEM solve time: 3.9848 seconds
CEM solve time: 4.0243 seconds
CEM solve time: 4.0554 seconds
CEM solve time: 4.0198 seconds
CEM solve time: 4.0759 seconds
CEM solve time: 3.9932 seconds
CEM solve time: 4.0293 seconds
CEM solve time: 4.0035 seconds
CEM solve time: 4.0040 seconds
CEM solve time: 4.0050 seconds
CEM solve time: 4.0578 seconds
CEM solve time: 4.0598 seconds
CEM solve time: 4.0278 seconds
CEM solve time: 4.0531 seconds
CEM solve time: 3.9897 seconds
CEM solve time: 4.0251 seconds
CEM solve time: 4.0356 seconds
CEM solve time: 4.0161 seconds
CEM solve time: 3.9923 seconds
CEM solve time: 4.0235 seconds
CEM solve time: 4.0146 seconds
CEM solve time: 4.0036 seconds
CEM solve time: 4.0297 seconds
CEM solve time: 4.0096 seconds
CEM solve time: 4.0244 seconds
CEM solve time: 4.0257 seconds
CEM solve time: 4.0380 seconds
CEM solve time: 3.9958 seconds
CEM solve time: 3.9968 seconds
CEM solve time: 4.0118 seconds
CEM solve time: 4.0516 seconds
CEM solve time: 4.0443 seconds
CEM solve time: 4.0585 seconds
CEM solve time: 4.0486 seconds
CEM solve time: 4.0035 seconds
CEM solve time: 4.0013 seconds
CEM solve time: 3.9916 seconds
CEM solve time: 4.0363 seconds
CEM solve time: 4.0224 seconds
CEM solve time: 4.0671 seconds
CEM solve time: 4.0716 seconds
CEM solve time: 4.0227 seconds
CEM solve time: 4.0634 seconds
CEM solve time: 4.0377 seconds
CEM solve time: 4.0038 seconds
CEM solve time: 4.0410 seconds
CEM solve time: 4.0352 seconds
CEM solve time: 4.0208 seconds
CEM solve time: 4.0245 seconds
CEM solve time: 4.0207 seconds
CEM solve time: 4.0025 seconds
CEM solve time: 4.0155 seconds
CEM solve time: 4.0382 seconds
CEM solve time: 3.9974 seconds
CEM solve time: 4.0008 seconds
CEM solve time: 3.9912 seconds
CEM solve time: 4.0339 seconds
CEM solve time: 3.9963 seconds
ep  13/20  fail     steps=150  rate=0.15
CEM solve time: 4.0409 seconds
CEM solve time: 4.0505 seconds
CEM solve time: 3.9877 seconds
CEM solve time: 4.0241 seconds
CEM solve time: 4.0623 seconds
CEM solve time: 4.0920 seconds
CEM solve time: 4.0303 seconds
CEM solve time: 4.0561 seconds
CEM solve time: 4.0732 seconds
CEM solve time: 4.1448 seconds
CEM solve time: 4.1081 seconds
CEM solve time: 4.0439 seconds
CEM solve time: 4.0560 seconds
CEM solve time: 4.0528 seconds
CEM solve time: 4.0424 seconds
CEM solve time: 4.0951 seconds
CEM solve time: 4.0327 seconds
CEM solve time: 4.0338 seconds
CEM solve time: 4.0430 seconds
CEM solve time: 4.0758 seconds
CEM solve time: 4.0419 seconds
CEM solve time: 4.0346 seconds
CEM solve time: 4.0418 seconds
CEM solve time: 4.0536 seconds
CEM solve time: 4.0476 seconds
CEM solve time: 4.0536 seconds
CEM solve time: 4.0311 seconds
CEM solve time: 4.0237 seconds
CEM solve time: 4.0302 seconds
CEM solve time: 4.0775 seconds
CEM solve time: 4.0377 seconds
CEM solve time: 4.0658 seconds
CEM solve time: 4.0409 seconds
CEM solve time: 4.0300 seconds
CEM solve time: 4.0438 seconds
CEM solve time: 4.0626 seconds
CEM solve time: 4.0665 seconds
CEM solve time: 3.9832 seconds
CEM solve time: 4.1012 seconds
CEM solve time: 4.0870 seconds
CEM solve time: 4.0525 seconds
CEM solve time: 4.0167 seconds
CEM solve time: 4.0083 seconds
CEM solve time: 4.0431 seconds
CEM solve time: 4.0617 seconds
CEM solve time: 4.0505 seconds
CEM solve time: 4.0973 seconds
CEM solve time: 4.0672 seconds
CEM solve time: 4.1156 seconds
CEM solve time: 4.0709 seconds
CEM solve time: 4.0628 seconds
CEM solve time: 4.0370 seconds
CEM solve time: 4.0665 seconds
CEM solve time: 4.0622 seconds
CEM solve time: 4.0339 seconds
CEM solve time: 4.0182 seconds
CEM solve time: 4.0199 seconds
CEM solve time: 4.1351 seconds
CEM solve time: 4.0272 seconds
CEM solve time: 4.0596 seconds
CEM solve time: 4.0928 seconds
CEM solve time: 4.0845 seconds
CEM solve time: 4.0000 seconds
CEM solve time: 4.0240 seconds
CEM solve time: 4.1007 seconds
CEM solve time: 4.0784 seconds
CEM solve time: 4.0513 seconds
CEM solve time: 4.0431 seconds
CEM solve time: 4.0363 seconds
CEM solve time: 4.0265 seconds
CEM solve time: 4.0225 seconds
CEM solve time: 4.0603 seconds
CEM solve time: 4.0242 seconds
CEM solve time: 4.1086 seconds
CEM solve time: 4.0241 seconds
ep  14/20  fail     steps=150  rate=0.14
CEM solve time: 4.0154 seconds
CEM solve time: 4.0113 seconds
CEM solve time: 4.0398 seconds
CEM solve time: 4.0016 seconds
CEM solve time: 4.0072 seconds
CEM solve time: 4.0367 seconds
CEM solve time: 4.1008 seconds
CEM solve time: 4.0210 seconds
CEM solve time: 4.0669 seconds
CEM solve time: 4.0302 seconds
CEM solve time: 4.0261 seconds
CEM solve time: 4.0416 seconds
CEM solve time: 4.0358 seconds
CEM solve time: 4.0064 seconds
CEM solve time: 4.0219 seconds
CEM solve time: 4.0528 seconds
CEM solve time: 4.0569 seconds
CEM solve time: 4.0252 seconds
CEM solve time: 4.0113 seconds
CEM solve time: 4.0688 seconds
ep  15/20  SUCCESS  steps= 40  rate=0.20
CEM solve time: 4.0196 seconds
CEM solve time: 3.9896 seconds
CEM solve time: 4.0345 seconds
CEM solve time: 4.0562 seconds
CEM solve time: 4.0216 seconds
CEM solve time: 4.0717 seconds
CEM solve time: 4.0654 seconds
CEM solve time: 4.0762 seconds
CEM solve time: 4.0612 seconds
CEM solve time: 4.0253 seconds
CEM solve time: 4.0257 seconds
CEM solve time: 4.0257 seconds
CEM solve time: 4.0685 seconds
CEM solve time: 4.0783 seconds
CEM solve time: 4.0208 seconds
CEM solve time: 4.0324 seconds
CEM solve time: 4.0487 seconds
CEM solve time: 4.1424 seconds
CEM solve time: 4.0335 seconds
CEM solve time: 4.0165 seconds
CEM solve time: 4.0536 seconds
CEM solve time: 4.0442 seconds
CEM solve time: 4.0459 seconds
CEM solve time: 4.0841 seconds
CEM solve time: 4.0479 seconds
CEM solve time: 4.0291 seconds
CEM solve time: 4.0354 seconds
CEM solve time: 4.0246 seconds
CEM solve time: 4.0913 seconds
CEM solve time: 4.0325 seconds
CEM solve time: 3.9984 seconds
CEM solve time: 4.0577 seconds
CEM solve time: 4.0837 seconds
CEM solve time: 4.0359 seconds
CEM solve time: 4.0870 seconds
CEM solve time: 4.0222 seconds
CEM solve time: 4.0385 seconds
CEM solve time: 4.0248 seconds
CEM solve time: 4.0811 seconds
CEM solve time: 4.0252 seconds
CEM solve time: 4.1018 seconds
CEM solve time: 4.0202 seconds
CEM solve time: 4.0684 seconds
CEM solve time: 4.0156 seconds
CEM solve time: 4.0540 seconds
CEM solve time: 4.0278 seconds
CEM solve time: 4.0426 seconds
CEM solve time: 4.0254 seconds
CEM solve time: 4.0734 seconds
CEM solve time: 4.0453 seconds
CEM solve time: 4.0849 seconds
CEM solve time: 4.0266 seconds
CEM solve time: 4.0838 seconds
CEM solve time: 4.0789 seconds
CEM solve time: 4.0091 seconds
CEM solve time: 4.0654 seconds
CEM solve time: 4.0168 seconds
CEM solve time: 4.0177 seconds
CEM solve time: 4.0242 seconds
CEM solve time: 4.0800 seconds
CEM solve time: 4.0434 seconds
CEM solve time: 4.0692 seconds
CEM solve time: 4.0229 seconds
CEM solve time: 4.0806 seconds
CEM solve time: 4.0405 seconds
CEM solve time: 4.0675 seconds
CEM solve time: 4.0473 seconds
CEM solve time: 4.0440 seconds
CEM solve time: 4.1015 seconds
CEM solve time: 4.0270 seconds
CEM solve time: 4.0155 seconds
CEM solve time: 4.0307 seconds
CEM solve time: 4.0545 seconds
CEM solve time: 4.0438 seconds
CEM solve time: 4.0251 seconds
ep  16/20  fail     steps=150  rate=0.19
CEM solve time: 4.0142 seconds
CEM solve time: 4.0493 seconds
CEM solve time: 4.0895 seconds
CEM solve time: 4.0913 seconds
CEM solve time: 4.0743 seconds
CEM solve time: 4.0236 seconds
CEM solve time: 4.0449 seconds
CEM solve time: 4.0631 seconds
CEM solve time: 4.0347 seconds
CEM solve time: 4.0746 seconds
CEM solve time: 4.0382 seconds
CEM solve time: 4.0350 seconds
CEM solve time: 4.0032 seconds
CEM solve time: 4.0352 seconds
CEM solve time: 4.0449 seconds
CEM solve time: 4.0452 seconds
CEM solve time: 4.0485 seconds
CEM solve time: 4.0600 seconds
CEM solve time: 4.0291 seconds
CEM solve time: 4.0195 seconds
CEM solve time: 4.0541 seconds
CEM solve time: 4.0418 seconds
CEM solve time: 4.0642 seconds
CEM solve time: 4.0877 seconds
CEM solve time: 4.0153 seconds
CEM solve time: 4.0209 seconds
CEM solve time: 4.0437 seconds
CEM solve time: 4.0231 seconds
CEM solve time: 4.0480 seconds
CEM solve time: 4.1194 seconds
CEM solve time: 4.0754 seconds
CEM solve time: 4.0975 seconds
CEM solve time: 4.0319 seconds
CEM solve time: 4.0615 seconds
CEM solve time: 4.0480 seconds
CEM solve time: 4.0278 seconds
CEM solve time: 4.0234 seconds
CEM solve time: 4.0256 seconds
CEM solve time: 4.0436 seconds
CEM solve time: 4.0329 seconds
CEM solve time: 4.0727 seconds
CEM solve time: 4.1051 seconds
CEM solve time: 4.0956 seconds
CEM solve time: 4.0398 seconds
CEM solve time: 4.0589 seconds
CEM solve time: 3.9677 seconds
CEM solve time: 4.0211 seconds
CEM solve time: 4.0594 seconds
CEM solve time: 4.0472 seconds
CEM solve time: 4.0509 seconds
CEM solve time: 4.0402 seconds
CEM solve time: 4.0575 seconds
CEM solve time: 4.0487 seconds
CEM solve time: 4.0151 seconds
CEM solve time: 4.0530 seconds
CEM solve time: 4.0171 seconds
CEM solve time: 4.0450 seconds
CEM solve time: 4.0835 seconds
CEM solve time: 4.0737 seconds
CEM solve time: 4.0295 seconds
CEM solve time: 4.0421 seconds
CEM solve time: 4.0770 seconds
ep  17/20  SUCCESS  steps=124  rate=0.24
CEM solve time: 4.0589 seconds
CEM solve time: 4.0344 seconds
CEM solve time: 4.0265 seconds
CEM solve time: 4.0638 seconds
CEM solve time: 4.0296 seconds
CEM solve time: 4.1252 seconds
CEM solve time: 4.0408 seconds
CEM solve time: 4.0340 seconds
CEM solve time: 4.0398 seconds
CEM solve time: 4.0222 seconds
CEM solve time: 4.0236 seconds
CEM solve time: 4.0543 seconds
CEM solve time: 4.0482 seconds
CEM solve time: 4.0336 seconds
CEM solve time: 4.0010 seconds
CEM solve time: 4.0246 seconds
CEM solve time: 4.0438 seconds
CEM solve time: 4.0216 seconds
CEM solve time: 4.0426 seconds
CEM solve time: 4.0578 seconds
CEM solve time: 4.0311 seconds
CEM solve time: 4.0099 seconds
CEM solve time: 4.0312 seconds
CEM solve time: 4.0232 seconds
CEM solve time: 4.0475 seconds
CEM solve time: 3.9834 seconds
CEM solve time: 4.0663 seconds
CEM solve time: 4.0475 seconds
CEM solve time: 4.0218 seconds
CEM solve time: 4.0058 seconds
CEM solve time: 4.0305 seconds
CEM solve time: 4.0429 seconds
CEM solve time: 4.0488 seconds
CEM solve time: 4.0358 seconds
CEM solve time: 4.0187 seconds
CEM solve time: 4.0387 seconds
CEM solve time: 4.0676 seconds
CEM solve time: 4.0298 seconds
CEM solve time: 4.0792 seconds
CEM solve time: 4.0065 seconds
CEM solve time: 4.0606 seconds
CEM solve time: 4.0450 seconds
CEM solve time: 4.0300 seconds
CEM solve time: 4.0469 seconds
CEM solve time: 4.0209 seconds
CEM solve time: 4.0439 seconds
CEM solve time: 4.0641 seconds
CEM solve time: 4.0270 seconds
CEM solve time: 4.0037 seconds
CEM solve time: 4.0130 seconds
CEM solve time: 4.0250 seconds
CEM solve time: 4.0640 seconds
CEM solve time: 4.0029 seconds
CEM solve time: 4.0418 seconds
CEM solve time: 4.0676 seconds
CEM solve time: 3.9737 seconds
CEM solve time: 4.0763 seconds
CEM solve time: 4.0337 seconds
CEM solve time: 4.0535 seconds
CEM solve time: 4.0355 seconds
CEM solve time: 4.0100 seconds
CEM solve time: 4.0615 seconds
CEM solve time: 4.0618 seconds
CEM solve time: 4.0503 seconds
CEM solve time: 4.0406 seconds
CEM solve time: 4.0472 seconds
CEM solve time: 4.0411 seconds
CEM solve time: 4.1093 seconds
CEM solve time: 4.0412 seconds
CEM solve time: 4.0438 seconds
CEM solve time: 4.0650 seconds
CEM solve time: 3.9911 seconds
CEM solve time: 3.9929 seconds
CEM solve time: 4.0078 seconds
CEM solve time: 4.0670 seconds
ep  18/20  fail     steps=150  rate=0.22
CEM solve time: 4.0263 seconds
CEM solve time: 4.0199 seconds
CEM solve time: 4.0288 seconds
CEM solve time: 4.0094 seconds
CEM solve time: 4.0345 seconds
CEM solve time: 4.0393 seconds
CEM solve time: 4.0199 seconds
CEM solve time: 4.0174 seconds
CEM solve time: 4.0553 seconds
CEM solve time: 4.0581 seconds
CEM solve time: 4.0278 seconds
CEM solve time: 4.0320 seconds
CEM solve time: 4.0217 seconds
CEM solve time: 4.0082 seconds
CEM solve time: 4.0660 seconds
CEM solve time: 4.0272 seconds
CEM solve time: 4.0407 seconds
CEM solve time: 4.0509 seconds
CEM solve time: 4.0255 seconds
CEM solve time: 3.9959 seconds
CEM solve time: 4.0675 seconds
CEM solve time: 4.0047 seconds
CEM solve time: 4.0404 seconds
CEM solve time: 4.0132 seconds
CEM solve time: 4.0398 seconds
CEM solve time: 4.0474 seconds
CEM solve time: 4.0547 seconds
CEM solve time: 4.0110 seconds
CEM solve time: 4.0432 seconds
CEM solve time: 4.0599 seconds
CEM solve time: 4.0681 seconds
CEM solve time: 4.1989 seconds
CEM solve time: 4.2282 seconds
CEM solve time: 4.3738 seconds
CEM solve time: 4.3935 seconds
CEM solve time: 4.3776 seconds
CEM solve time: 4.2818 seconds
CEM solve time: 4.3048 seconds
CEM solve time: 4.1741 seconds
CEM solve time: 4.2199 seconds
CEM solve time: 4.0803 seconds
CEM solve time: 4.0651 seconds
CEM solve time: 4.1571 seconds
CEM solve time: 4.0996 seconds
CEM solve time: 4.0331 seconds
CEM solve time: 4.0620 seconds
CEM solve time: 4.0625 seconds
CEM solve time: 4.0590 seconds
CEM solve time: 4.0427 seconds
CEM solve time: 4.0167 seconds
CEM solve time: 4.0135 seconds
CEM solve time: 4.0584 seconds
CEM solve time: 4.0684 seconds
CEM solve time: 4.0468 seconds
CEM solve time: 4.0566 seconds
CEM solve time: 4.0322 seconds
CEM solve time: 4.0477 seconds
CEM solve time: 4.0338 seconds
CEM solve time: 4.0216 seconds
CEM solve time: 4.0487 seconds
CEM solve time: 4.0557 seconds
CEM solve time: 4.0359 seconds
CEM solve time: 4.0650 seconds
CEM solve time: 4.1522 seconds
CEM solve time: 4.0402 seconds
CEM solve time: 4.0569 seconds
CEM solve time: 4.0424 seconds
CEM solve time: 4.0655 seconds
CEM solve time: 4.0138 seconds
CEM solve time: 4.1120 seconds
CEM solve time: 3.9888 seconds
CEM solve time: 4.0988 seconds
CEM solve time: 4.0633 seconds
CEM solve time: 4.0767 seconds
CEM solve time: 4.0733 seconds
ep  19/20  fail     steps=150  rate=0.21
CEM solve time: 4.0480 seconds
CEM solve time: 4.0124 seconds
CEM solve time: 4.0351 seconds
CEM solve time: 4.0539 seconds
CEM solve time: 4.0552 seconds
CEM solve time: 4.0300 seconds
CEM solve time: 4.0565 seconds
CEM solve time: 4.0227 seconds
CEM solve time: 4.0408 seconds
CEM solve time: 4.0567 seconds
CEM solve time: 4.0210 seconds
CEM solve time: 4.0398 seconds
CEM solve time: 4.0482 seconds
CEM solve time: 4.0544 seconds
CEM solve time: 4.0329 seconds
CEM solve time: 3.9788 seconds
CEM solve time: 4.0519 seconds
CEM solve time: 4.0682 seconds
CEM solve time: 4.1737 seconds
CEM solve time: 4.1193 seconds
CEM solve time: 3.9929 seconds
CEM solve time: 3.9920 seconds
CEM solve time: 4.0513 seconds
CEM solve time: 4.0229 seconds
CEM solve time: 4.0021 seconds
CEM solve time: 4.0330 seconds
CEM solve time: 4.0853 seconds
CEM solve time: 4.0862 seconds
CEM solve time: 4.0579 seconds
CEM solve time: 4.0885 seconds
CEM solve time: 4.0644 seconds
CEM solve time: 4.0753 seconds
CEM solve time: 4.0578 seconds
CEM solve time: 4.0334 seconds
CEM solve time: 4.0227 seconds
CEM solve time: 4.1108 seconds
CEM solve time: 4.0923 seconds
CEM solve time: 4.1410 seconds
CEM solve time: 4.0015 seconds
CEM solve time: 4.0707 seconds
CEM solve time: 4.1163 seconds
CEM solve time: 4.0814 seconds
CEM solve time: 4.0464 seconds
CEM solve time: 4.2041 seconds
CEM solve time: 4.0009 seconds
CEM solve time: 4.0387 seconds
CEM solve time: 4.0235 seconds
CEM solve time: 4.0928 seconds
CEM solve time: 4.0866 seconds
CEM solve time: 4.2140 seconds
CEM solve time: 4.2563 seconds
CEM solve time: 4.0254 seconds
CEM solve time: 4.0932 seconds
CEM solve time: 4.1079 seconds
CEM solve time: 4.0378 seconds
CEM solve time: 4.1622 seconds
CEM solve time: 4.0620 seconds
CEM solve time: 4.0430 seconds
CEM solve time: 4.0667 seconds
CEM solve time: 3.9883 seconds
CEM solve time: 4.0088 seconds
CEM solve time: 4.0412 seconds
CEM solve time: 4.0163 seconds
CEM solve time: 4.0594 seconds
CEM solve time: 4.0418 seconds
CEM solve time: 4.0659 seconds
CEM solve time: 4.0486 seconds
CEM solve time: 4.0474 seconds
CEM solve time: 4.0155 seconds
CEM solve time: 4.0869 seconds
CEM solve time: 4.0855 seconds
CEM solve time: 4.0148 seconds
CEM solve time: 4.0110 seconds
CEM solve time: 4.0788 seconds
CEM solve time: 4.0228 seconds
ep  20/20  fail     steps=150  rate=0.20

==================================================
Success rate: 4/20 = 20.0%
==================================================
