[robosuite WARNING] No private macro file found! (__init__.py:7)
15:20:51.685 | WARNING (2246466, stable_pretraining) | No private macro file found!
[robosuite WARNING] It is recommended to use a private macro file (__init__.py:8)
15:20:51.685 | WARNING (2246466, stable_pretraining) | It is recommended to use a private macro file
[robosuite WARNING] To setup, run: python /home/yikang/envs/lewm/lib/python3.10/site-packages/robosuite/scripts/setup_macros.py (__init__.py:9)
15:20:51.685 | WARNING (2246466, stable_pretraining) | To setup, run: python /home/yikang/envs/lewm/lib/python3.10/site-packages/robosuite/scripts/setup_macros.py
15:20:51.710 | INFO    (2246466, stable_pretraining) | No OpenGL_accelerate module loaded: No module named 'OpenGL_accelerate'
[Warning]: datasets path /home/yikang/LIBERO/libero/libero/../datasets does not exist!
[Warning]: datasets path /home/yikang/LIBERO/libero/libero/../datasets does not exist!
15:20:53.540 | INFO    (2246466, stable_worldmodel.world) | 🌍🌍🌍 World libero-bc-drawer-lewm-v0 initialized 🌍🌍🌍
15:20:53.540 | INFO    (2246466, stable_worldmodel.world) | 🕹️ 🕹️ 🕹️ Action space 🕹️ 🕹️ 🕹️
15:20:53.540 | INFO    (2246466, stable_worldmodel.world) | Box(-1.0, 1.0, (1, 7), float32)
15:20:53.540 | INFO    (2246466, stable_worldmodel.world) | 👁️ 👁️ 👁️ Observation space 👁️ 👁️ 👁️
15:20:53.540 | INFO    (2246466, stable_worldmodel.world) | Dict('agentview_image': Box(0, 255, (1, 3, 224, 224), uint8))
15:20:53.540 | WARNING (2246466, stable_worldmodel.world) | No variation space provided!
/home/yikang/envs/lewm/lib/python3.10/site-packages/gymnasium/utils/passive_env_checker.py:333: UserWarning: [33mWARN: No render fps was declared in the environment (env.metadata['render_fps'] is None or not defined), rendering may occur at inconsistent fps.[0m
  logger.warn(
CEM solve time: 4.6951 seconds
CEM solve time: 4.5198 seconds
CEM solve time: 4.5046 seconds
CEM solve time: 4.4658 seconds
CEM solve time: 4.4832 seconds
CEM solve time: 4.5727 seconds
CEM solve time: 4.5249 seconds
CEM solve time: 4.4521 seconds
CEM solve time: 4.4219 seconds
CEM solve time: 4.4314 seconds
CEM solve time: 4.5041 seconds
CEM solve time: 4.4216 seconds
CEM solve time: 4.3543 seconds
CEM solve time: 4.3507 seconds
CEM solve time: 4.4785 seconds
ep   1/1  fail     steps= 30  rate=0.00

==================================================
Success rate: 0/1 = 0.0%
==================================================
