[robosuite WARNING] No private macro file found! (__init__.py:7)
[robosuite WARNING] It is recommended to use a private macro file (__init__.py:8)
[robosuite WARNING] To setup, run: python /home/yikang/envs/lewm/lib/python3.10/site-packages/robosuite/scripts/setup_macros.py (__init__.py:9)
/home/yikang/envs/lewm/lib/python3.10/site-packages/thop/profile.py:12: DeprecationWarning: distutils Version classes are deprecated. Use packaging.version instead.
  if LooseVersion(torch.__version__) < LooseVersion("1.0.0"):
/home/yikang/envs/lewm/lib/python3.10/site-packages/torchvision/models/_utils.py:208: UserWarning: The parameter 'pretrained' is deprecated since 0.13 and may be removed in the future, please use 'weights' instead.
  warnings.warn(
/home/yikang/envs/lewm/lib/python3.10/site-packages/torchvision/models/_utils.py:223: UserWarning: Arguments other than a weight enum or `None` for 'weights' are deprecated since 0.13 and may be removed in the future. The current behavior is equivalent to passing `weights=None`.
  warnings.warn(msg)
/home/yikang/envs/lewm/lib/python3.10/site-packages/torch/functional.py:505: UserWarning: torch.meshgrid: in an upcoming release, it will be required to pass the indexing argument. (Triggered internally at /pytorch/aten/src/ATen/native/TensorShape.cpp:4382.)
  return _VF.meshgrid(tensors, **kwargs)  # type: ignore[attr-defined]

============= Initialized Observation Utils with Obs Spec =============

using obs modality: rgb with keys: ['agentview_rgb', 'eye_in_hand_rgb']
using obs modality: depth with keys: []
using obs modality: low_dim with keys: ['gripper_states', 'joint_states']
Loading weights:   0%|          | 0/199 [00:00<?, ?it/s]Loading weights: 100%|██████████| 199/199 [00:00<00:00, 5652.74it/s]
task: KITCHEN_SCENE10_close_the_top_drawer_of_the_cabinet
[Warning]: datasets path /home/yikang/LIBERO/libero/libero/../datasets does not exist!
[Warning]: datasets path /home/yikang/LIBERO/libero/libero/../datasets does not exist!
ep   1/20  SUCCESS  steps= 69  rate=1.00
ep   2/20  SUCCESS  steps= 68  rate=1.00
ep   3/20  SUCCESS  steps= 67  rate=1.00
ep   4/20  SUCCESS  steps= 71  rate=1.00
ep   5/20  SUCCESS  steps= 72  rate=1.00
ep   6/20  SUCCESS  steps= 69  rate=1.00
ep   7/20  SUCCESS  steps= 74  rate=1.00
ep   8/20  SUCCESS  steps= 66  rate=1.00
ep   9/20  SUCCESS  steps= 66  rate=1.00
ep  10/20  SUCCESS  steps= 71  rate=1.00
ep  11/20  SUCCESS  steps= 72  rate=1.00
ep  12/20  SUCCESS  steps= 76  rate=1.00
ep  13/20  SUCCESS  steps= 75  rate=1.00
ep  14/20  SUCCESS  steps= 70  rate=1.00
ep  15/20  SUCCESS  steps= 72  rate=1.00
ep  16/20  fail     steps=300  rate=0.94
ep  17/20  SUCCESS  steps= 70  rate=0.94
ep  18/20  SUCCESS  steps= 68  rate=0.94
ep  19/20  SUCCESS  steps= 70  rate=0.95
ep  20/20  SUCCESS  steps= 69  rate=0.95

==== BC success rate: 19/20 = 95.0%  (le-wm MPC baseline = 10%) ====
