[robosuite WARNING] No private macro file found! (__init__.py:7)
[robosuite WARNING] It is recommended to use a private macro file (__init__.py:8)
[robosuite WARNING] To setup, run: python /home/yikang/envs/lewm/lib/python3.10/site-packages/robosuite/scripts/setup_macros.py (__init__.py:9)
[Warning]: datasets path /home/yikang/LIBERO/libero/libero/../datasets does not exist!
[Warning]: datasets path /home/yikang/LIBERO/libero/libero/../datasets does not exist!
drawer joint: ('wooden_cabinet_1_top_level', 37, 0.01)
    [dbg] step=  3 drawer_q=-0.159 (open=-0.16 closed=+0.01) eef_dist=0.353
    [dbg] step=  6 drawer_q=-0.159 (open=-0.16 closed=+0.01) eef_dist=0.352
    [dbg] step=  9 drawer_q=-0.159 (open=-0.16 closed=+0.01) eef_dist=0.354
    [dbg] step= 12 drawer_q=-0.159 (open=-0.16 closed=+0.01) eef_dist=0.352
    [dbg] step= 15 drawer_q=-0.159 (open=-0.16 closed=+0.01) eef_dist=0.344
    [dbg] step= 18 drawer_q=-0.159 (open=-0.16 closed=+0.01) eef_dist=0.340
    [dbg] step= 21 drawer_q=-0.159 (open=-0.16 closed=+0.01) eef_dist=0.325
    [dbg] step= 24 drawer_q=-0.159 (open=-0.16 closed=+0.01) eef_dist=0.317
    [dbg] step= 27 drawer_q=-0.159 (open=-0.16 closed=+0.01) eef_dist=0.327
    [dbg] step= 30 drawer_q=-0.159 (open=-0.16 closed=+0.01) eef_dist=0.325
    [dbg] step= 33 drawer_q=-0.159 (open=-0.16 closed=+0.01) eef_dist=0.327
    [dbg] step= 36 drawer_q=-0.159 (open=-0.16 closed=+0.01) eef_dist=0.328
    [dbg] step= 39 drawer_q=-0.159 (open=-0.16 closed=+0.01) eef_dist=0.325
    [dbg] step= 42 drawer_q=-0.159 (open=-0.16 closed=+0.01) eef_dist=0.320
    [dbg] step= 45 drawer_q=-0.159 (open=-0.16 closed=+0.01) eef_dist=0.319
    [dbg] step= 48 drawer_q=-0.159 (open=-0.16 closed=+0.01) eef_dist=0.326
    [dbg] step= 51 drawer_q=-0.159 (open=-0.16 closed=+0.01) eef_dist=0.336
    [dbg] step= 54 drawer_q=-0.159 (open=-0.16 closed=+0.01) eef_dist=0.333
    [dbg] step= 57 drawer_q=-0.159 (open=-0.16 closed=+0.01) eef_dist=0.331
    [dbg] step= 60 drawer_q=-0.159 (open=-0.16 closed=+0.01) eef_dist=0.333
    [dbg] step= 63 drawer_q=-0.159 (open=-0.16 closed=+0.01) eef_dist=0.337
    [dbg] step= 66 drawer_q=-0.159 (open=-0.16 closed=+0.01) eef_dist=0.343
    [dbg] step= 69 drawer_q=-0.159 (open=-0.16 closed=+0.01) eef_dist=0.344
    [dbg] step= 72 drawer_q=-0.159 (open=-0.16 closed=+0.01) eef_dist=0.365
[lewm      ] ep  1/5  fail     steps= 72  rate=0.00  (670s)
    [dbg] step=  3 drawer_q=-0.156 (open=-0.16 closed=+0.01) eef_dist=0.371
    [dbg] step=  6 drawer_q=-0.156 (open=-0.16 closed=+0.01) eef_dist=0.368
    [dbg] step=  9 drawer_q=-0.156 (open=-0.16 closed=+0.01) eef_dist=0.357
    [dbg] step= 12 drawer_q=-0.156 (open=-0.16 closed=+0.01) eef_dist=0.369
    [dbg] step= 15 drawer_q=-0.156 (open=-0.16 closed=+0.01) eef_dist=0.379
    [dbg] step= 18 drawer_q=-0.156 (open=-0.16 closed=+0.01) eef_dist=0.370
    [dbg] step= 21 drawer_q=-0.156 (open=-0.16 closed=+0.01) eef_dist=0.360
    [dbg] step= 24 drawer_q=-0.156 (open=-0.16 closed=+0.01) eef_dist=0.355
    [dbg] step= 27 drawer_q=-0.156 (open=-0.16 closed=+0.01) eef_dist=0.351
    [dbg] step= 30 drawer_q=-0.156 (open=-0.16 closed=+0.01) eef_dist=0.346
    [dbg] step= 33 drawer_q=-0.156 (open=-0.16 closed=+0.01) eef_dist=0.350
    [dbg] step= 36 drawer_q=-0.156 (open=-0.16 closed=+0.01) eef_dist=0.362
    [dbg] step= 39 drawer_q=-0.156 (open=-0.16 closed=+0.01) eef_dist=0.364
    [dbg] step= 42 drawer_q=-0.156 (open=-0.16 closed=+0.01) eef_dist=0.369
    [dbg] step= 45 drawer_q=-0.156 (open=-0.16 closed=+0.01) eef_dist=0.372
    [dbg] step= 48 drawer_q=-0.156 (open=-0.16 closed=+0.01) eef_dist=0.364
    [dbg] step= 51 drawer_q=-0.156 (open=-0.16 closed=+0.01) eef_dist=0.364
    [dbg] step= 54 drawer_q=-0.156 (open=-0.16 closed=+0.01) eef_dist=0.361
    [dbg] step= 57 drawer_q=-0.156 (open=-0.16 closed=+0.01) eef_dist=0.369
    [dbg] step= 60 drawer_q=-0.156 (open=-0.16 closed=+0.01) eef_dist=0.370
    [dbg] step= 63 drawer_q=-0.156 (open=-0.16 closed=+0.01) eef_dist=0.372
    [dbg] step= 66 drawer_q=-0.156 (open=-0.16 closed=+0.01) eef_dist=0.367
    [dbg] step= 69 drawer_q=-0.156 (open=-0.16 closed=+0.01) eef_dist=0.364
    [dbg] step= 72 drawer_q=-0.156 (open=-0.16 closed=+0.01) eef_dist=0.367
[lewm      ] ep  2/5  fail     steps= 72  rate=0.00  (671s)
    [dbg] step=  3 drawer_q=-0.159 (open=-0.16 closed=+0.01) eef_dist=0.350
    [dbg] step=  6 drawer_q=-0.159 (open=-0.16 closed=+0.01) eef_dist=0.338
    [dbg] step=  9 drawer_q=-0.159 (open=-0.16 closed=+0.01) eef_dist=0.333
    [dbg] step= 12 drawer_q=-0.159 (open=-0.16 closed=+0.01) eef_dist=0.328
    [dbg] step= 15 drawer_q=-0.159 (open=-0.16 closed=+0.01) eef_dist=0.326
    [dbg] step= 18 drawer_q=-0.159 (open=-0.16 closed=+0.01) eef_dist=0.313
    [dbg] step= 21 drawer_q=-0.159 (open=-0.16 closed=+0.01) eef_dist=0.305
    [dbg] step= 24 drawer_q=-0.159 (open=-0.16 closed=+0.01) eef_dist=0.297
    [dbg] step= 27 drawer_q=-0.159 (open=-0.16 closed=+0.01) eef_dist=0.258
    [dbg] step= 30 drawer_q=-0.148 (open=-0.16 closed=+0.01) eef_dist=0.249
    [dbg] step= 33 drawer_q=-0.134 (open=-0.16 closed=+0.01) eef_dist=0.241
    [dbg] step= 36 drawer_q=-0.132 (open=-0.16 closed=+0.01) eef_dist=0.236
    [dbg] step= 39 drawer_q=-0.133 (open=-0.16 closed=+0.01) eef_dist=0.235
    [dbg] step= 42 drawer_q=-0.132 (open=-0.16 closed=+0.01) eef_dist=0.232
    [dbg] step= 45 drawer_q=-0.128 (open=-0.16 closed=+0.01) eef_dist=0.231
    [dbg] step= 48 drawer_q=-0.127 (open=-0.16 closed=+0.01) eef_dist=0.226
    [dbg] step= 51 drawer_q=-0.126 (open=-0.16 closed=+0.01) eef_dist=0.225
    [dbg] step= 54 drawer_q=-0.129 (open=-0.16 closed=+0.01) eef_dist=0.225
    [dbg] step= 57 drawer_q=-0.127 (open=-0.16 closed=+0.01) eef_dist=0.231
    [dbg] step= 60 drawer_q=-0.128 (open=-0.16 closed=+0.01) eef_dist=0.234
    [dbg] step= 63 drawer_q=-0.124 (open=-0.16 closed=+0.01) eef_dist=0.233
    [dbg] step= 66 drawer_q=-0.125 (open=-0.16 closed=+0.01) eef_dist=0.234
    [dbg] step= 69 drawer_q=-0.128 (open=-0.16 closed=+0.01) eef_dist=0.237
    [dbg] step= 72 drawer_q=-0.128 (open=-0.16 closed=+0.01) eef_dist=0.236
[lewm      ] ep  3/5  fail     steps= 72  rate=0.00  (713s)
    [dbg] step=  3 drawer_q=-0.155 (open=-0.16 closed=+0.01) eef_dist=0.374
    [dbg] step=  6 drawer_q=-0.155 (open=-0.16 closed=+0.01) eef_dist=0.379
    [dbg] step=  9 drawer_q=-0.155 (open=-0.16 closed=+0.01) eef_dist=0.371
    [dbg] step= 12 drawer_q=-0.155 (open=-0.16 closed=+0.01) eef_dist=0.356
    [dbg] step= 15 drawer_q=-0.155 (open=-0.16 closed=+0.01) eef_dist=0.348
    [dbg] step= 18 drawer_q=-0.155 (open=-0.16 closed=+0.01) eef_dist=0.347
    [dbg] step= 21 drawer_q=-0.155 (open=-0.16 closed=+0.01) eef_dist=0.347
    [dbg] step= 24 drawer_q=-0.155 (open=-0.16 closed=+0.01) eef_dist=0.351
    [dbg] step= 27 drawer_q=-0.155 (open=-0.16 closed=+0.01) eef_dist=0.352
    [dbg] step= 30 drawer_q=-0.155 (open=-0.16 closed=+0.01) eef_dist=0.347
    [dbg] step= 33 drawer_q=-0.155 (open=-0.16 closed=+0.01) eef_dist=0.341
    [dbg] step= 36 drawer_q=-0.155 (open=-0.16 closed=+0.01) eef_dist=0.332
    [dbg] step= 39 drawer_q=-0.155 (open=-0.16 closed=+0.01) eef_dist=0.328
    [dbg] step= 42 drawer_q=-0.155 (open=-0.16 closed=+0.01) eef_dist=0.331
    [dbg] step= 45 drawer_q=-0.155 (open=-0.16 closed=+0.01) eef_dist=0.323
    [dbg] step= 48 drawer_q=-0.155 (open=-0.16 closed=+0.01) eef_dist=0.320
    [dbg] step= 51 drawer_q=-0.155 (open=-0.16 closed=+0.01) eef_dist=0.321
    [dbg] step= 54 drawer_q=-0.155 (open=-0.16 closed=+0.01) eef_dist=0.333
    [dbg] step= 57 drawer_q=-0.155 (open=-0.16 closed=+0.01) eef_dist=0.328
    [dbg] step= 60 drawer_q=-0.155 (open=-0.16 closed=+0.01) eef_dist=0.334
    [dbg] step= 63 drawer_q=-0.155 (open=-0.16 closed=+0.01) eef_dist=0.332
    [dbg] step= 66 drawer_q=-0.155 (open=-0.16 closed=+0.01) eef_dist=0.334
    [dbg] step= 69 drawer_q=-0.155 (open=-0.16 closed=+0.01) eef_dist=0.330
    [dbg] step= 72 drawer_q=-0.155 (open=-0.16 closed=+0.01) eef_dist=0.325
[lewm      ] ep  4/5  fail     steps= 72  rate=0.00  (666s)
    [dbg] step=  3 drawer_q=-0.140 (open=-0.16 closed=+0.01) eef_dist=0.369
    [dbg] step=  6 drawer_q=-0.140 (open=-0.16 closed=+0.01) eef_dist=0.377
    [dbg] step=  9 drawer_q=-0.140 (open=-0.16 closed=+0.01) eef_dist=0.361
    [dbg] step= 12 drawer_q=-0.140 (open=-0.16 closed=+0.01) eef_dist=0.352
    [dbg] step= 15 drawer_q=-0.140 (open=-0.16 closed=+0.01) eef_dist=0.341
    [dbg] step= 18 drawer_q=-0.140 (open=-0.16 closed=+0.01) eef_dist=0.321
    [dbg] step= 21 drawer_q=-0.140 (open=-0.16 closed=+0.01) eef_dist=0.293
    [dbg] step= 24 drawer_q=-0.140 (open=-0.16 closed=+0.01) eef_dist=0.280
    [dbg] step= 27 drawer_q=-0.140 (open=-0.16 closed=+0.01) eef_dist=0.280
    [dbg] step= 30 drawer_q=-0.140 (open=-0.16 closed=+0.01) eef_dist=0.280
    [dbg] step= 33 drawer_q=-0.140 (open=-0.16 closed=+0.01) eef_dist=0.285
    [dbg] step= 36 drawer_q=-0.140 (open=-0.16 closed=+0.01) eef_dist=0.281
    [dbg] step= 39 drawer_q=-0.140 (open=-0.16 closed=+0.01) eef_dist=0.293
    [dbg] step= 42 drawer_q=-0.140 (open=-0.16 closed=+0.01) eef_dist=0.287
    [dbg] step= 45 drawer_q=-0.140 (open=-0.16 closed=+0.01) eef_dist=0.296
    [dbg] step= 48 drawer_q=-0.140 (open=-0.16 closed=+0.01) eef_dist=0.313
    [dbg] step= 51 drawer_q=-0.140 (open=-0.16 closed=+0.01) eef_dist=0.316
    [dbg] step= 54 drawer_q=-0.140 (open=-0.16 closed=+0.01) eef_dist=0.311
    [dbg] step= 57 drawer_q=-0.140 (open=-0.16 closed=+0.01) eef_dist=0.333
    [dbg] step= 60 drawer_q=-0.140 (open=-0.16 closed=+0.01) eef_dist=0.334
    [dbg] step= 63 drawer_q=-0.140 (open=-0.16 closed=+0.01) eef_dist=0.327
    [dbg] step= 66 drawer_q=-0.140 (open=-0.16 closed=+0.01) eef_dist=0.330
    [dbg] step= 69 drawer_q=-0.140 (open=-0.16 closed=+0.01) eef_dist=0.332
    [dbg] step= 72 drawer_q=-0.140 (open=-0.16 closed=+0.01) eef_dist=0.344
[lewm      ] ep  5/5  fail     steps= 72  rate=0.00  (668s)
==== lewm oracle-dynamics success: 0/5 = 0.0% ====
    [dbg] step=  3 drawer_q=-0.159 (open=-0.16 closed=+0.01) eef_dist=0.331
    [dbg] step=  6 drawer_q=-0.159 (open=-0.16 closed=+0.01) eef_dist=0.275
    [dbg] step=  9 drawer_q=-0.134 (open=-0.16 closed=+0.01) eef_dist=0.257
    [dbg] step= 12 drawer_q=-0.086 (open=-0.16 closed=+0.01) eef_dist=0.259
    [dbg] step= 15 drawer_q=-0.020 (open=-0.16 closed=+0.01) eef_dist=0.262
[privileged] ep  1/5  SUCCESS  steps= 18  rate=1.00  (170s)
    [dbg] step=  3 drawer_q=-0.156 (open=-0.16 closed=+0.01) eef_dist=0.336
    [dbg] step=  6 drawer_q=-0.156 (open=-0.16 closed=+0.01) eef_dist=0.285
    [dbg] step=  9 drawer_q=-0.149 (open=-0.16 closed=+0.01) eef_dist=0.249
    [dbg] step= 12 drawer_q=-0.078 (open=-0.16 closed=+0.01) eef_dist=0.243
    [dbg] step= 15 drawer_q=-0.013 (open=-0.16 closed=+0.01) eef_dist=0.236
[privileged] ep  2/5  SUCCESS  steps= 17  rate=1.00  (172s)
    [dbg] step=  3 drawer_q=-0.159 (open=-0.16 closed=+0.01) eef_dist=0.326
    [dbg] step=  6 drawer_q=-0.159 (open=-0.16 closed=+0.01) eef_dist=0.271
    [dbg] step=  9 drawer_q=-0.111 (open=-0.16 closed=+0.01) eef_dist=0.251
    [dbg] step= 12 drawer_q=-0.049 (open=-0.16 closed=+0.01) eef_dist=0.235
    [dbg] step= 15 drawer_q=-0.021 (open=-0.16 closed=+0.01) eef_dist=0.216
[privileged] ep  3/5  SUCCESS  steps= 17  rate=1.00  (170s)
    [dbg] step=  3 drawer_q=-0.155 (open=-0.16 closed=+0.01) eef_dist=0.315
    [dbg] step=  6 drawer_q=-0.155 (open=-0.16 closed=+0.01) eef_dist=0.265
    [dbg] step=  9 drawer_q=-0.113 (open=-0.16 closed=+0.01) eef_dist=0.261
    [dbg] step= 12 drawer_q=-0.039 (open=-0.16 closed=+0.01) eef_dist=0.260
    [dbg] step= 15 drawer_q=-0.014 (open=-0.16 closed=+0.01) eef_dist=0.251
[privileged] ep  4/5  SUCCESS  steps= 18  rate=1.00  (172s)
    [dbg] step=  3 drawer_q=-0.140 (open=-0.16 closed=+0.01) eef_dist=0.320
    [dbg] step=  6 drawer_q=-0.140 (open=-0.16 closed=+0.01) eef_dist=0.278
    [dbg] step=  9 drawer_q=-0.110 (open=-0.16 closed=+0.01) eef_dist=0.264
    [dbg] step= 12 drawer_q=-0.073 (open=-0.16 closed=+0.01) eef_dist=0.258
    [dbg] step= 15 drawer_q=-0.014 (open=-0.16 closed=+0.01) eef_dist=0.244
[privileged] ep  5/5  SUCCESS  steps= 16  rate=1.00  (171s)
==== privileged oracle-dynamics success: 5/5 = 100.0% ====

===== Probe 6 summary (baseline le-wm MPC = 10%) =====
  oracle-dynamics + lewm       cost : 0.0%
  oracle-dynamics + privileged cost : 100.0%
