[robosuite WARNING] No private macro file found! (__init__.py:7)
[robosuite WARNING] It is recommended to use a private macro file (__init__.py:8)
[robosuite WARNING] To setup, run: python /home/yikang/envs/lewm/lib/python3.10/site-packages/robosuite/scripts/setup_macros.py (__init__.py:9)
[Warning]: datasets path /home/yikang/LIBERO/libero/libero/../datasets does not exist!
[Warning]: datasets path /home/yikang/LIBERO/libero/libero/../datasets does not exist!
drawer joint: ('wooden_cabinet_1_top_level', 37, 0.01)
loaded value head <- /home/yikang/git/le-wm/value/value_head.pt (gamma=0.98)
    [dbg] step=  3 drawer_q=-0.145 (open=-0.16 closed=+0.01) eef_dist=0.389
    [dbg] step=  6 drawer_q=-0.145 (open=-0.16 closed=+0.01) eef_dist=0.402
    [dbg] step=  9 drawer_q=-0.145 (open=-0.16 closed=+0.01) eef_dist=0.393
    [dbg] step= 12 drawer_q=-0.145 (open=-0.16 closed=+0.01) eef_dist=0.391
    [dbg] step= 15 drawer_q=-0.145 (open=-0.16 closed=+0.01) eef_dist=0.402
    [dbg] step= 18 drawer_q=-0.145 (open=-0.16 closed=+0.01) eef_dist=0.402
    [dbg] step= 21 drawer_q=-0.145 (open=-0.16 closed=+0.01) eef_dist=0.396
    [dbg] step= 24 drawer_q=-0.145 (open=-0.16 closed=+0.01) eef_dist=0.400
    [dbg] step= 27 drawer_q=-0.145 (open=-0.16 closed=+0.01) eef_dist=0.404
    [dbg] step= 30 drawer_q=-0.145 (open=-0.16 closed=+0.01) eef_dist=0.394
    [dbg] step= 33 drawer_q=-0.145 (open=-0.16 closed=+0.01) eef_dist=0.389
    [dbg] step= 36 drawer_q=-0.145 (open=-0.16 closed=+0.01) eef_dist=0.395
    [dbg] step= 39 drawer_q=-0.145 (open=-0.16 closed=+0.01) eef_dist=0.397
    [dbg] step= 42 drawer_q=-0.145 (open=-0.16 closed=+0.01) eef_dist=0.387
    [dbg] step= 45 drawer_q=-0.145 (open=-0.16 closed=+0.01) eef_dist=0.389
    [dbg] step= 48 drawer_q=-0.145 (open=-0.16 closed=+0.01) eef_dist=0.374
    [dbg] step= 51 drawer_q=-0.145 (open=-0.16 closed=+0.01) eef_dist=0.363
    [dbg] step= 54 drawer_q=-0.145 (open=-0.16 closed=+0.01) eef_dist=0.358
    [dbg] step= 57 drawer_q=-0.145 (open=-0.16 closed=+0.01) eef_dist=0.349
    [dbg] step= 60 drawer_q=-0.145 (open=-0.16 closed=+0.01) eef_dist=0.347
    [dbg] step= 63 drawer_q=-0.128 (open=-0.16 closed=+0.01) eef_dist=0.344
    [dbg] step= 66 drawer_q=-0.125 (open=-0.16 closed=+0.01) eef_dist=0.349
    [dbg] step= 69 drawer_q=-0.124 (open=-0.16 closed=+0.01) eef_dist=0.343
    [dbg] step= 72 drawer_q=-0.123 (open=-0.16 closed=+0.01) eef_dist=0.334
    [dbg] step= 75 drawer_q=-0.104 (open=-0.16 closed=+0.01) eef_dist=0.340
    [dbg] step= 78 drawer_q=-0.102 (open=-0.16 closed=+0.01) eef_dist=0.354
    [dbg] step= 81 drawer_q=-0.102 (open=-0.16 closed=+0.01) eef_dist=0.345
    [dbg] step= 84 drawer_q=-0.102 (open=-0.16 closed=+0.01) eef_dist=0.352
    [dbg] step= 87 drawer_q=-0.102 (open=-0.16 closed=+0.01) eef_dist=0.355
    [dbg] step= 90 drawer_q=-0.102 (open=-0.16 closed=+0.01) eef_dist=0.354
    [dbg] step= 93 drawer_q=-0.102 (open=-0.16 closed=+0.01) eef_dist=0.358
    [dbg] step= 96 drawer_q=-0.102 (open=-0.16 closed=+0.01) eef_dist=0.363
    [dbg] step= 99 drawer_q=-0.102 (open=-0.16 closed=+0.01) eef_dist=0.365
    [dbg] step=102 drawer_q=-0.102 (open=-0.16 closed=+0.01) eef_dist=0.354
    [dbg] step=105 drawer_q=-0.102 (open=-0.16 closed=+0.01) eef_dist=0.360
    [dbg] step=108 drawer_q=-0.102 (open=-0.16 closed=+0.01) eef_dist=0.356
    [dbg] step=111 drawer_q=-0.102 (open=-0.16 closed=+0.01) eef_dist=0.373
    [dbg] step=114 drawer_q=-0.102 (open=-0.16 closed=+0.01) eef_dist=0.366
    [dbg] step=117 drawer_q=-0.102 (open=-0.16 closed=+0.01) eef_dist=0.364
    [dbg] step=120 drawer_q=-0.102 (open=-0.16 closed=+0.01) eef_dist=0.352
    [dbg] step=123 drawer_q=-0.102 (open=-0.16 closed=+0.01) eef_dist=0.345
    [dbg] step=126 drawer_q=-0.102 (open=-0.16 closed=+0.01) eef_dist=0.340
    [dbg] step=129 drawer_q=-0.102 (open=-0.16 closed=+0.01) eef_dist=0.337
    [dbg] step=132 drawer_q=-0.102 (open=-0.16 closed=+0.01) eef_dist=0.338
    [dbg] step=135 drawer_q=-0.102 (open=-0.16 closed=+0.01) eef_dist=0.351
    [dbg] step=138 drawer_q=-0.102 (open=-0.16 closed=+0.01) eef_dist=0.356
    [dbg] step=141 drawer_q=-0.102 (open=-0.16 closed=+0.01) eef_dist=0.346
    [dbg] step=144 drawer_q=-0.102 (open=-0.16 closed=+0.01) eef_dist=0.334
    [dbg] step=147 drawer_q=-0.102 (open=-0.16 closed=+0.01) eef_dist=0.339
    [dbg] step=150 drawer_q=-0.102 (open=-0.16 closed=+0.01) eef_dist=0.344
[value     ] ep  1/4  fail     steps=150  rate=0.00  (1169s)
    [dbg] step=  3 drawer_q=-0.157 (open=-0.16 closed=+0.01) eef_dist=0.352
    [dbg] step=  6 drawer_q=-0.157 (open=-0.16 closed=+0.01) eef_dist=0.353
    [dbg] step=  9 drawer_q=-0.157 (open=-0.16 closed=+0.01) eef_dist=0.347
    [dbg] step= 12 drawer_q=-0.157 (open=-0.16 closed=+0.01) eef_dist=0.347
    [dbg] step= 15 drawer_q=-0.157 (open=-0.16 closed=+0.01) eef_dist=0.342
    [dbg] step= 18 drawer_q=-0.157 (open=-0.16 closed=+0.01) eef_dist=0.341
    [dbg] step= 21 drawer_q=-0.157 (open=-0.16 closed=+0.01) eef_dist=0.345
    [dbg] step= 24 drawer_q=-0.157 (open=-0.16 closed=+0.01) eef_dist=0.347
    [dbg] step= 27 drawer_q=-0.157 (open=-0.16 closed=+0.01) eef_dist=0.352
    [dbg] step= 30 drawer_q=-0.157 (open=-0.16 closed=+0.01) eef_dist=0.354
    [dbg] step= 33 drawer_q=-0.157 (open=-0.16 closed=+0.01) eef_dist=0.359
    [dbg] step= 36 drawer_q=-0.157 (open=-0.16 closed=+0.01) eef_dist=0.358
    [dbg] step= 39 drawer_q=-0.157 (open=-0.16 closed=+0.01) eef_dist=0.359
    [dbg] step= 42 drawer_q=-0.157 (open=-0.16 closed=+0.01) eef_dist=0.360
    [dbg] step= 45 drawer_q=-0.157 (open=-0.16 closed=+0.01) eef_dist=0.357
    [dbg] step= 48 drawer_q=-0.157 (open=-0.16 closed=+0.01) eef_dist=0.349
    [dbg] step= 51 drawer_q=-0.157 (open=-0.16 closed=+0.01) eef_dist=0.344
    [dbg] step= 54 drawer_q=-0.157 (open=-0.16 closed=+0.01) eef_dist=0.340
    [dbg] step= 57 drawer_q=-0.157 (open=-0.16 closed=+0.01) eef_dist=0.342
    [dbg] step= 60 drawer_q=-0.157 (open=-0.16 closed=+0.01) eef_dist=0.340
    [dbg] step= 63 drawer_q=-0.157 (open=-0.16 closed=+0.01) eef_dist=0.340
    [dbg] step= 66 drawer_q=-0.157 (open=-0.16 closed=+0.01) eef_dist=0.340
    [dbg] step= 69 drawer_q=-0.157 (open=-0.16 closed=+0.01) eef_dist=0.343
    [dbg] step= 72 drawer_q=-0.157 (open=-0.16 closed=+0.01) eef_dist=0.339
    [dbg] step= 75 drawer_q=-0.157 (open=-0.16 closed=+0.01) eef_dist=0.332
    [dbg] step= 78 drawer_q=-0.157 (open=-0.16 closed=+0.01) eef_dist=0.329
    [dbg] step= 81 drawer_q=-0.157 (open=-0.16 closed=+0.01) eef_dist=0.329
    [dbg] step= 84 drawer_q=-0.157 (open=-0.16 closed=+0.01) eef_dist=0.323
    [dbg] step= 87 drawer_q=-0.157 (open=-0.16 closed=+0.01) eef_dist=0.329
    [dbg] step= 90 drawer_q=-0.157 (open=-0.16 closed=+0.01) eef_dist=0.328
    [dbg] step= 93 drawer_q=-0.157 (open=-0.16 closed=+0.01) eef_dist=0.330
    [dbg] step= 96 drawer_q=-0.157 (open=-0.16 closed=+0.01) eef_dist=0.330
    [dbg] step= 99 drawer_q=-0.157 (open=-0.16 closed=+0.01) eef_dist=0.328
    [dbg] step=102 drawer_q=-0.157 (open=-0.16 closed=+0.01) eef_dist=0.335
    [dbg] step=105 drawer_q=-0.157 (open=-0.16 closed=+0.01) eef_dist=0.335
    [dbg] step=108 drawer_q=-0.157 (open=-0.16 closed=+0.01) eef_dist=0.335
    [dbg] step=111 drawer_q=-0.157 (open=-0.16 closed=+0.01) eef_dist=0.329
    [dbg] step=114 drawer_q=-0.157 (open=-0.16 closed=+0.01) eef_dist=0.327
    [dbg] step=117 drawer_q=-0.157 (open=-0.16 closed=+0.01) eef_dist=0.335
    [dbg] step=120 drawer_q=-0.157 (open=-0.16 closed=+0.01) eef_dist=0.336
    [dbg] step=123 drawer_q=-0.157 (open=-0.16 closed=+0.01) eef_dist=0.335
    [dbg] step=126 drawer_q=-0.157 (open=-0.16 closed=+0.01) eef_dist=0.330
    [dbg] step=129 drawer_q=-0.157 (open=-0.16 closed=+0.01) eef_dist=0.331
    [dbg] step=132 drawer_q=-0.157 (open=-0.16 closed=+0.01) eef_dist=0.328
    [dbg] step=135 drawer_q=-0.157 (open=-0.16 closed=+0.01) eef_dist=0.319
    [dbg] step=138 drawer_q=-0.157 (open=-0.16 closed=+0.01) eef_dist=0.317
    [dbg] step=141 drawer_q=-0.157 (open=-0.16 closed=+0.01) eef_dist=0.315
    [dbg] step=144 drawer_q=-0.157 (open=-0.16 closed=+0.01) eef_dist=0.307
    [dbg] step=147 drawer_q=-0.157 (open=-0.16 closed=+0.01) eef_dist=0.312
    [dbg] step=150 drawer_q=-0.157 (open=-0.16 closed=+0.01) eef_dist=0.303
[value     ] ep  2/4  fail     steps=150  rate=0.00  (1163s)
    [dbg] step=  3 drawer_q=-0.159 (open=-0.16 closed=+0.01) eef_dist=0.378
    [dbg] step=  6 drawer_q=-0.159 (open=-0.16 closed=+0.01) eef_dist=0.381
    [dbg] step=  9 drawer_q=-0.159 (open=-0.16 closed=+0.01) eef_dist=0.377
    [dbg] step= 12 drawer_q=-0.159 (open=-0.16 closed=+0.01) eef_dist=0.366
    [dbg] step= 15 drawer_q=-0.159 (open=-0.16 closed=+0.01) eef_dist=0.358
    [dbg] step= 18 drawer_q=-0.159 (open=-0.16 closed=+0.01) eef_dist=0.356
    [dbg] step= 21 drawer_q=-0.159 (open=-0.16 closed=+0.01) eef_dist=0.334
    [dbg] step= 24 drawer_q=-0.159 (open=-0.16 closed=+0.01) eef_dist=0.328
    [dbg] step= 27 drawer_q=-0.156 (open=-0.16 closed=+0.01) eef_dist=0.321
    [dbg] step= 30 drawer_q=-0.152 (open=-0.16 closed=+0.01) eef_dist=0.321
    [dbg] step= 33 drawer_q=-0.142 (open=-0.16 closed=+0.01) eef_dist=0.317
    [dbg] step= 36 drawer_q=-0.140 (open=-0.16 closed=+0.01) eef_dist=0.317
    [dbg] step= 39 drawer_q=-0.136 (open=-0.16 closed=+0.01) eef_dist=0.311
    [dbg] step= 42 drawer_q=-0.130 (open=-0.16 closed=+0.01) eef_dist=0.306
    [dbg] step= 45 drawer_q=-0.128 (open=-0.16 closed=+0.01) eef_dist=0.308
    [dbg] step= 48 drawer_q=-0.128 (open=-0.16 closed=+0.01) eef_dist=0.314
    [dbg] step= 51 drawer_q=-0.128 (open=-0.16 closed=+0.01) eef_dist=0.313
    [dbg] step= 54 drawer_q=-0.128 (open=-0.16 closed=+0.01) eef_dist=0.309
    [dbg] step= 57 drawer_q=-0.132 (open=-0.16 closed=+0.01) eef_dist=0.312
    [dbg] step= 60 drawer_q=-0.133 (open=-0.16 closed=+0.01) eef_dist=0.317
    [dbg] step= 63 drawer_q=-0.135 (open=-0.16 closed=+0.01) eef_dist=0.304
    [dbg] step= 66 drawer_q=-0.134 (open=-0.16 closed=+0.01) eef_dist=0.312
    [dbg] step= 69 drawer_q=-0.133 (open=-0.16 closed=+0.01) eef_dist=0.300
    [dbg] step= 72 drawer_q=-0.136 (open=-0.16 closed=+0.01) eef_dist=0.309
    [dbg] step= 75 drawer_q=-0.137 (open=-0.16 closed=+0.01) eef_dist=0.312
    [dbg] step= 78 drawer_q=-0.137 (open=-0.16 closed=+0.01) eef_dist=0.309
    [dbg] step= 81 drawer_q=-0.137 (open=-0.16 closed=+0.01) eef_dist=0.314
    [dbg] step= 84 drawer_q=-0.137 (open=-0.16 closed=+0.01) eef_dist=0.314
    [dbg] step= 87 drawer_q=-0.137 (open=-0.16 closed=+0.01) eef_dist=0.329
    [dbg] step= 90 drawer_q=-0.137 (open=-0.16 closed=+0.01) eef_dist=0.307
    [dbg] step= 93 drawer_q=-0.127 (open=-0.16 closed=+0.01) eef_dist=0.308
    [dbg] step= 96 drawer_q=-0.126 (open=-0.16 closed=+0.01) eef_dist=0.318
    [dbg] step= 99 drawer_q=-0.126 (open=-0.16 closed=+0.01) eef_dist=0.315
    [dbg] step=102 drawer_q=-0.126 (open=-0.16 closed=+0.01) eef_dist=0.331
    [dbg] step=105 drawer_q=-0.126 (open=-0.16 closed=+0.01) eef_dist=0.328
    [dbg] step=108 drawer_q=-0.126 (open=-0.16 closed=+0.01) eef_dist=0.331
    [dbg] step=111 drawer_q=-0.126 (open=-0.16 closed=+0.01) eef_dist=0.329
    [dbg] step=114 drawer_q=-0.126 (open=-0.16 closed=+0.01) eef_dist=0.320
    [dbg] step=117 drawer_q=-0.126 (open=-0.16 closed=+0.01) eef_dist=0.325
    [dbg] step=120 drawer_q=-0.126 (open=-0.16 closed=+0.01) eef_dist=0.326
    [dbg] step=123 drawer_q=-0.126 (open=-0.16 closed=+0.01) eef_dist=0.328
    [dbg] step=126 drawer_q=-0.126 (open=-0.16 closed=+0.01) eef_dist=0.333
    [dbg] step=129 drawer_q=-0.126 (open=-0.16 closed=+0.01) eef_dist=0.336
    [dbg] step=132 drawer_q=-0.126 (open=-0.16 closed=+0.01) eef_dist=0.336
    [dbg] step=135 drawer_q=-0.126 (open=-0.16 closed=+0.01) eef_dist=0.346
    [dbg] step=138 drawer_q=-0.126 (open=-0.16 closed=+0.01) eef_dist=0.336
    [dbg] step=141 drawer_q=-0.126 (open=-0.16 closed=+0.01) eef_dist=0.341
    [dbg] step=144 drawer_q=-0.126 (open=-0.16 closed=+0.01) eef_dist=0.346
    [dbg] step=147 drawer_q=-0.126 (open=-0.16 closed=+0.01) eef_dist=0.357
    [dbg] step=150 drawer_q=-0.126 (open=-0.16 closed=+0.01) eef_dist=0.339
[value     ] ep  3/4  fail     steps=150  rate=0.00  (1176s)
    [dbg] step=  3 drawer_q=-0.156 (open=-0.16 closed=+0.01) eef_dist=0.363
    [dbg] step=  6 drawer_q=-0.156 (open=-0.16 closed=+0.01) eef_dist=0.375
    [dbg] step=  9 drawer_q=-0.156 (open=-0.16 closed=+0.01) eef_dist=0.382
    [dbg] step= 12 drawer_q=-0.156 (open=-0.16 closed=+0.01) eef_dist=0.389
    [dbg] step= 15 drawer_q=-0.156 (open=-0.16 closed=+0.01) eef_dist=0.401
    [dbg] step= 18 drawer_q=-0.156 (open=-0.16 closed=+0.01) eef_dist=0.398
    [dbg] step= 21 drawer_q=-0.156 (open=-0.16 closed=+0.01) eef_dist=0.402
    [dbg] step= 24 drawer_q=-0.156 (open=-0.16 closed=+0.01) eef_dist=0.410
    [dbg] step= 27 drawer_q=-0.156 (open=-0.16 closed=+0.01) eef_dist=0.409
    [dbg] step= 30 drawer_q=-0.156 (open=-0.16 closed=+0.01) eef_dist=0.414
    [dbg] step= 33 drawer_q=-0.156 (open=-0.16 closed=+0.01) eef_dist=0.413
    [dbg] step= 36 drawer_q=-0.156 (open=-0.16 closed=+0.01) eef_dist=0.419
    [dbg] step= 39 drawer_q=-0.156 (open=-0.16 closed=+0.01) eef_dist=0.417
    [dbg] step= 42 drawer_q=-0.156 (open=-0.16 closed=+0.01) eef_dist=0.415
    [dbg] step= 45 drawer_q=-0.156 (open=-0.16 closed=+0.01) eef_dist=0.417
    [dbg] step= 48 drawer_q=-0.156 (open=-0.16 closed=+0.01) eef_dist=0.419
    [dbg] step= 51 drawer_q=-0.156 (open=-0.16 closed=+0.01) eef_dist=0.418
    [dbg] step= 54 drawer_q=-0.156 (open=-0.16 closed=+0.01) eef_dist=0.414
    [dbg] step= 57 drawer_q=-0.156 (open=-0.16 closed=+0.01) eef_dist=0.419
    [dbg] step= 60 drawer_q=-0.156 (open=-0.16 closed=+0.01) eef_dist=0.415
    [dbg] step= 63 drawer_q=-0.156 (open=-0.16 closed=+0.01) eef_dist=0.411
    [dbg] step= 66 drawer_q=-0.156 (open=-0.16 closed=+0.01) eef_dist=0.410
    [dbg] step= 69 drawer_q=-0.156 (open=-0.16 closed=+0.01) eef_dist=0.410
    [dbg] step= 72 drawer_q=-0.156 (open=-0.16 closed=+0.01) eef_dist=0.419
    [dbg] step= 75 drawer_q=-0.156 (open=-0.16 closed=+0.01) eef_dist=0.418
    [dbg] step= 78 drawer_q=-0.156 (open=-0.16 closed=+0.01) eef_dist=0.418
    [dbg] step= 81 drawer_q=-0.156 (open=-0.16 closed=+0.01) eef_dist=0.411
    [dbg] step= 84 drawer_q=-0.156 (open=-0.16 closed=+0.01) eef_dist=0.411
    [dbg] step= 87 drawer_q=-0.156 (open=-0.16 closed=+0.01) eef_dist=0.407
    [dbg] step= 90 drawer_q=-0.156 (open=-0.16 closed=+0.01) eef_dist=0.410
    [dbg] step= 93 drawer_q=-0.156 (open=-0.16 closed=+0.01) eef_dist=0.412
    [dbg] step= 96 drawer_q=-0.156 (open=-0.16 closed=+0.01) eef_dist=0.415
    [dbg] step= 99 drawer_q=-0.156 (open=-0.16 closed=+0.01) eef_dist=0.414
    [dbg] step=102 drawer_q=-0.156 (open=-0.16 closed=+0.01) eef_dist=0.410
    [dbg] step=105 drawer_q=-0.156 (open=-0.16 closed=+0.01) eef_dist=0.405
    [dbg] step=108 drawer_q=-0.156 (open=-0.16 closed=+0.01) eef_dist=0.405
    [dbg] step=111 drawer_q=-0.156 (open=-0.16 closed=+0.01) eef_dist=0.410
    [dbg] step=114 drawer_q=-0.156 (open=-0.16 closed=+0.01) eef_dist=0.412
    [dbg] step=117 drawer_q=-0.156 (open=-0.16 closed=+0.01) eef_dist=0.413
    [dbg] step=120 drawer_q=-0.156 (open=-0.16 closed=+0.01) eef_dist=0.414
    [dbg] step=123 drawer_q=-0.156 (open=-0.16 closed=+0.01) eef_dist=0.418
    [dbg] step=126 drawer_q=-0.156 (open=-0.16 closed=+0.01) eef_dist=0.415
    [dbg] step=129 drawer_q=-0.156 (open=-0.16 closed=+0.01) eef_dist=0.418
    [dbg] step=132 drawer_q=-0.156 (open=-0.16 closed=+0.01) eef_dist=0.415
    [dbg] step=135 drawer_q=-0.156 (open=-0.16 closed=+0.01) eef_dist=0.419
    [dbg] step=138 drawer_q=-0.156 (open=-0.16 closed=+0.01) eef_dist=0.420
    [dbg] step=141 drawer_q=-0.156 (open=-0.16 closed=+0.01) eef_dist=0.420
    [dbg] step=144 drawer_q=-0.156 (open=-0.16 closed=+0.01) eef_dist=0.416
    [dbg] step=147 drawer_q=-0.156 (open=-0.16 closed=+0.01) eef_dist=0.416
    [dbg] step=150 drawer_q=-0.156 (open=-0.16 closed=+0.01) eef_dist=0.423
[value     ] ep  4/4  fail     steps=150  rate=0.00  (1155s)
==== value oracle-dynamics success: 0/4 = 0.0% ====

===== Probe 6 summary (baseline le-wm MPC = 10%) =====
  oracle-dynamics + value      cost : 0.0%
