[robosuite WARNING] No private macro file found! (__init__.py:7)
15:51:15.383 | WARNING (2142208, stable_pretraining) | No private macro file found!
[robosuite WARNING] It is recommended to use a private macro file (__init__.py:8)
15:51:15.383 | WARNING (2142208, stable_pretraining) | It is recommended to use a private macro file
[robosuite WARNING] To setup, run: python /home/yikang/envs/lewm/lib/python3.10/site-packages/robosuite/scripts/setup_macros.py (__init__.py:9)
15:51:15.383 | WARNING (2142208, stable_pretraining) | To setup, run: python /home/yikang/envs/lewm/lib/python3.10/site-packages/robosuite/scripts/setup_macros.py
15:51:15.412 | INFO    (2142208, stable_pretraining) | No OpenGL_accelerate module loaded: No module named 'OpenGL_accelerate'
[Warning]: datasets path /home/yikang/LIBERO/libero/libero/../datasets does not exist!
[Warning]: datasets path /home/yikang/LIBERO/libero/libero/../datasets does not exist!
drawer joint: ('wooden_cabinet_1_top_level', 37, 0.01)
    [dbg] step= 25 -> wp 1/4 (timeout) drawer_q=-0.142
    [dbg] step= 50 -> wp 2/4 (timeout) drawer_q=-0.142
    [dbg] step= 75 -> wp 3/4 (timeout) drawer_q=-0.142
    [dbg] step=100 -> wp 4/4 (timeout) drawer_q=-0.142
[subgoal k=4] ep  1/8  fail     steps=100  reached_wp=4/4  rate=0.00  (320s)
    [dbg] step= 25 -> wp 1/4 (timeout) drawer_q=-0.157
    [dbg] step= 50 -> wp 2/4 (timeout) drawer_q=-0.157
    [dbg] step= 75 -> wp 3/4 (timeout) drawer_q=-0.157
    [dbg] step=100 -> wp 4/4 (timeout) drawer_q=-0.157
[subgoal k=4] ep  2/8  fail     steps=100  reached_wp=4/4  rate=0.00  (321s)
    [dbg] step= 25 -> wp 1/4 (timeout) drawer_q=-0.142
    [dbg] step= 50 -> wp 2/4 (timeout) drawer_q=-0.142
    [dbg] step= 75 -> wp 3/4 (timeout) drawer_q=-0.142
    [dbg] step=100 -> wp 4/4 (timeout) drawer_q=-0.142
[subgoal k=4] ep  3/8  fail     steps=100  reached_wp=4/4  rate=0.00  (319s)
    [dbg] step= 25 -> wp 1/4 (timeout) drawer_q=-0.146
    [dbg] step= 50 -> wp 2/4 (timeout) drawer_q=-0.146
    [dbg] step= 75 -> wp 3/4 (timeout) drawer_q=-0.146
    [dbg] step=100 -> wp 4/4 (timeout) drawer_q=-0.146
[subgoal k=4] ep  4/8  fail     steps=100  reached_wp=4/4  rate=0.00  (323s)
    [dbg] step= 25 -> wp 1/4 (timeout) drawer_q=-0.144
    [dbg] step= 50 -> wp 2/4 (timeout) drawer_q=-0.144
    [dbg] step= 75 -> wp 3/4 (timeout) drawer_q=-0.144
    [dbg] step=100 -> wp 4/4 (timeout) drawer_q=-0.144
[subgoal k=4] ep  5/8  fail     steps=100  reached_wp=4/4  rate=0.00  (325s)
    [dbg] step= 25 -> wp 1/4 (timeout) drawer_q=-0.157
    [dbg] step= 50 -> wp 2/4 (timeout) drawer_q=-0.157
    [dbg] step= 75 -> wp 3/4 (timeout) drawer_q=-0.157
    [dbg] step=100 -> wp 4/4 (timeout) drawer_q=-0.157
[subgoal k=4] ep  6/8  fail     steps=100  reached_wp=4/4  rate=0.00  (332s)
    [dbg] step= 25 -> wp 1/4 (timeout) drawer_q=-0.160
    [dbg] step= 50 -> wp 2/4 (timeout) drawer_q=-0.160
    [dbg] step= 75 -> wp 3/4 (timeout) drawer_q=-0.160
    [dbg] step=100 -> wp 4/4 (timeout) drawer_q=-0.160
[subgoal k=4] ep  7/8  fail     steps=100  reached_wp=4/4  rate=0.00  (318s)
    [dbg] step= 25 -> wp 1/4 (timeout) drawer_q=-0.157
    [dbg] step= 50 -> wp 2/4 (timeout) drawer_q=-0.157
    [dbg] step= 75 -> wp 3/4 (timeout) drawer_q=-0.157
    [dbg] step=100 -> wp 4/4 (timeout) drawer_q=-0.157
[subgoal k=4] ep  8/8  fail     steps=100  reached_wp=4/4  rate=0.00  (322s)
==== subgoal (k=4) oracle-dynamics + lewm-cost success: 0/8 = 0.0%  (probe6 single-goal baseline = 0/8) ====
